#-----------------------------------------------------------
# Vivado v2023.1 (64-bit)
# SW Build 3865809 on Sun May  7 15:05:29 MDT 2023
# IP Build 3864474 on Sun May  7 20:36:21 MDT 2023
# SharedData Build 3865790 on Sun May 07 13:33:03 MDT 2023
# Start of session at: Thu Oct 26 21:11:18 2023
# Process ID: 16208
# Current directory: C:/Users/andre/Downloads/PED2_Exp2_RTL
# Command line: vivado.exe -gui_launcher_event rodinguilauncherevent13272 C:\Users\andre\Downloads\PED2_Exp2_RTL\PED2_Exp2_RTL.xpr
# Log file: C:/Users/andre/Downloads/PED2_Exp2_RTL/vivado.log
# Journal file: C:/Users/andre/Downloads/PED2_Exp2_RTL\vivado.jou
# Running On: DESKTOP-8GM2R40, OS: Windows, CPU Frequency: 1497 MHz, CPU Physical cores: 4, Host memory: 8031 MB
#-----------------------------------------------------------
start_gui
open_project C:/Users/andre/Downloads/PED2_Exp2_RTL/PED2_Exp2_RTL.xpr
update_compile_order -fileset sources_1
file mkdir C:/Users/andre/Downloads/PED2_Exp2_RTL/PED2_Exp2_RTL.srcs/sim_1/new
set_property SOURCE_SET sources_1 [get_filesets sim_1]
close [ open C:/Users/andre/Downloads/PED2_Exp2_RTL/PED2_Exp2_RTL.srcs/sim_1/new/tb_lab2.vhd w ]
add_files -fileset sim_1 C:/Users/andre/Downloads/PED2_Exp2_RTL/PED2_Exp2_RTL.srcs/sim_1/new/tb_lab2.vhd
update_compile_order -fileset sim_1
update_compile_order -fileset sim_1
launch_simulation
launch_simulation
update_compile_order -fileset sim_1
launch_simulation
launch_simulation
