
*** Running vivado
    with args -log pblaze.vds -m64 -product Vivado -mode batch -messageDb vivado.pb -notrace -source pblaze.tcl


ECHO est  desativado.
ECHO est  desativado.
WARNING: Default location for XILINX_HLS not found: 

****** Vivado v2023.1 (64-bit)
  **** SW Build 3865809 on Sun May  7 15:05:29 MDT 2023
  **** IP Build 3864474 on Sun May  7 20:36:21 MDT 2023
  **** SharedData Build 3865790 on Sun May 07 13:33:03 MDT 2023
    ** Copyright 1986-2022 Xilinx, Inc. All Rights Reserved.
    ** Copyright 2022-2023 Advanced Micro Devices, Inc. All Rights Reserved.

source pblaze.tcl -notrace
create_project: Time (s): cpu = 00:00:23 ; elapsed = 00:00:24 . Memory (MB): peak = 429.496 ; gain = 163.129
Command: read_checkpoint -auto_incremental -incremental C:/Users/andre/Downloads/ped2_exp3_datasheet/ped2_exp3/ped2_exp3.srcs/utils_1/imports/synth_1/pblaze.dcp
INFO: [Vivado 12-5825] Read reference checkpoint from C:/Users/andre/Downloads/ped2_exp3_datasheet/ped2_exp3/ped2_exp3.srcs/utils_1/imports/synth_1/pblaze.dcp for incremental synthesis
INFO: [Vivado 12-7989] Please ensure there are no constraint changes
Command: synth_design -top pblaze -part xc7a35tcpg236-1
Starting synth_design
Attempting to get a license for feature 'Synthesis' and/or device 'xc7a35t'
INFO: [Common 17-349] Got license for feature 'Synthesis' and/or device 'xc7a35t'
INFO: [Device 21-403] Loading part xc7a35tcpg236-1
INFO: [Designutils 20-5440] No compile time benefit to using incremental synthesis; A full resynthesis will be run
INFO: [Designutils 20-4379] Flow is switching to default flow due to incremental criteria not met. If you would like to alter this behaviour and have the flow terminate instead, please set the following parameter config_implementation {autoIncr.Synth.RejectBehavior Terminate}
INFO: [Synth 8-7079] Multithreading enabled for synth_design using a maximum of 2 processes.
INFO: [Synth 8-7078] Launching helper process for spawning children vivado processes
INFO: [Synth 8-7075] Helper process launched with PID 13316
---------------------------------------------------------------------------------
Starting RTL Elaboration : Time (s): cpu = 00:00:18 ; elapsed = 00:00:20 . Memory (MB): peak = 1245.441 ; gain = 410.359
---------------------------------------------------------------------------------
INFO: [Synth 8-638] synthesizing module 'pblaze' [C:/Users/andre/Downloads/ped2_exp3_datasheet/ped2_exp3/ped2_exp3.srcs/sources_1/new/top_module.vhd:36]
	Parameter hwbuild bound to: 8'b00000000 
	Parameter interrupt_vector bound to: 12'b001111111111 
	Parameter scratch_pad_memory_size bound to: 64 - type: integer 
INFO: [Synth 8-3491] module 'kcpsm6' declared at 'C:/Users/andre/Downloads/ped2_exp3_datasheet/kcpsm6.vhd:87' bound to instance 'processor' of component 'kcpsm6' [C:/Users/andre/Downloads/ped2_exp3_datasheet/ped2_exp3/ped2_exp3.srcs/sources_1/new/top_module.vhd:105]
INFO: [Synth 8-638] synthesizing module 'kcpsm6' [C:/Users/andre/Downloads/ped2_exp3_datasheet/kcpsm6.vhd:111]
	Parameter hwbuild bound to: 8'b00000000 
	Parameter interrupt_vector bound to: 12'b001111111111 
	Parameter scratch_pad_memory_size bound to: 64 - type: integer 
	Parameter INIT bound to: 64'b1111111111111111111101010101010100000000000000000000111011101110 
INFO: [Synth 8-113] binding component instance 'reset_lut' to cell 'LUT6_2' [C:/Users/andre/Downloads/ped2_exp3_datasheet/kcpsm6.vhd:685]
INFO: [Synth 8-113] binding component instance 'run_flop' to cell 'FD' [C:/Users/andre/Downloads/ped2_exp3_datasheet/kcpsm6.vhd:696]
INFO: [Synth 8-113] binding component instance 'internal_reset_flop' to cell 'FD' [C:/Users/andre/Downloads/ped2_exp3_datasheet/kcpsm6.vhd:701]
INFO: [Synth 8-113] binding component instance 'sync_sleep_flop' to cell 'FD' [C:/Users/andre/Downloads/ped2_exp3_datasheet/kcpsm6.vhd:706]
	Parameter INIT bound to: 64'b0000000010000011000000000000101100000000110001000000000001001100 
INFO: [Synth 8-113] binding component instance 't_state_lut' to cell 'LUT6_2' [C:/Users/andre/Downloads/ped2_exp3_datasheet/kcpsm6.vhd:711]
INFO: [Synth 8-113] binding component instance 't_state1_flop' to cell 'FD' [C:/Users/andre/Downloads/ped2_exp3_datasheet/kcpsm6.vhd:722]
INFO: [Synth 8-113] binding component instance 't_state2_flop' to cell 'FD' [C:/Users/andre/Downloads/ped2_exp3_datasheet/kcpsm6.vhd:727]
	Parameter INIT bound to: 64'b0000000000010000000000000000000000000000000000000000100000000000 
INFO: [Synth 8-113] binding component instance 'int_enable_type_lut' to cell 'LUT6_2' [C:/Users/andre/Downloads/ped2_exp3_datasheet/kcpsm6.vhd:733]
	Parameter INIT bound to: 64'b0000000000000000000000000000000000000000000000001100101010101010 
INFO: [Synth 8-113] binding component instance 'interrupt_enable_lut' to cell 'LUT6' [C:/Users/andre/Downloads/ped2_exp3_datasheet/kcpsm6.vhd:744]
INFO: [Synth 8-113] binding component instance 'interrupt_enable_flop' to cell 'FD' [C:/Users/andre/Downloads/ped2_exp3_datasheet/kcpsm6.vhd:754]
INFO: [Synth 8-113] binding component instance 'sync_interrupt_flop' to cell 'FD' [C:/Users/andre/Downloads/ped2_exp3_datasheet/kcpsm6.vhd:759]
	Parameter INIT bound to: 64'b1100110000110011111111110000000010000000100000001000000010000000 
INFO: [Synth 8-113] binding component instance 'active_interrupt_lut' to cell 'LUT6_2' [C:/Users/andre/Downloads/ped2_exp3_datasheet/kcpsm6.vhd:764]
INFO: [Synth 8-113] binding component instance 'active_interrupt_flop' to cell 'FD' [C:/Users/andre/Downloads/ped2_exp3_datasheet/kcpsm6.vhd:775]
INFO: [Synth 8-113] binding component instance 'interrupt_ack_flop' to cell 'FD' [C:/Users/andre/Downloads/ped2_exp3_datasheet/kcpsm6.vhd:780]
	Parameter INIT bound to: 64'b0101101000111100111111111111111100000000000000000000000000000000 
INFO: [Synth 8-113] binding component instance 'pc_move_is_valid_lut' to cell 'LUT6' [C:/Users/andre/Downloads/ped2_exp3_datasheet/kcpsm6.vhd:804]
	Parameter INIT bound to: 64'b0111011101110111000000100111011100000000000000000000001000000000 
INFO: [Synth 8-113] binding component instance 'move_type_lut' to cell 'LUT6_2' [C:/Users/andre/Downloads/ped2_exp3_datasheet/kcpsm6.vhd:814]
	Parameter INIT bound to: 64'b0000000000000000111100000000000000000000000000000010001111111111 
INFO: [Synth 8-113] binding component instance 'pc_mode1_lut' to cell 'LUT6_2' [C:/Users/andre/Downloads/ped2_exp3_datasheet/kcpsm6.vhd:825]
	Parameter INIT bound to: 64'b1111111111111111111111111111111100000000000001000000000000000000 
INFO: [Synth 8-113] binding component instance 'pc_mode2_lut' to cell 'LUT6' [C:/Users/andre/Downloads/ped2_exp3_datasheet/kcpsm6.vhd:836]
	Parameter INIT bound to: 64'b1111111111111111000100000000000000000000000000000010000000000000 
INFO: [Synth 8-113] binding component instance 'push_pop_lut' to cell 'LUT6_2' [C:/Users/andre/Downloads/ped2_exp3_datasheet/kcpsm6.vhd:846]
	Parameter INIT bound to: 64'b0000001111001010000000000000000000000100001000000000000000000000 
INFO: [Synth 8-113] binding component instance 'alu_decode0_lut' to cell 'LUT6_2' [C:/Users/andre/Downloads/ped2_exp3_datasheet/kcpsm6.vhd:861]
INFO: [Synth 8-113] binding component instance 'alu_mux_sel0_flop' to cell 'FD' [C:/Users/andre/Downloads/ped2_exp3_datasheet/kcpsm6.vhd:872]
	Parameter INIT bound to: 64'b0111011100001000000000000000000000000000000000000000111100000000 
INFO: [Synth 8-113] binding component instance 'alu_decode1_lut' to cell 'LUT6_2' [C:/Users/andre/Downloads/ped2_exp3_datasheet/kcpsm6.vhd:877]
INFO: [Synth 8-113] binding component instance 'alu_mux_sel1_flop' to cell 'FD' [C:/Users/andre/Downloads/ped2_exp3_datasheet/kcpsm6.vhd:888]
	Parameter INIT bound to: 64'b1101000000000000000000000000000000000010000000000000000000000000 
INFO: [Synth 8-113] binding component instance 'alu_decode2_lut' to cell 'LUT6_2' [C:/Users/andre/Downloads/ped2_exp3_datasheet/kcpsm6.vhd:894]
	Parameter INIT bound to: 64'b0000000000000001001111110011111100000000000100001111011111001110 
INFO: [Synth 8-113] binding component instance 'register_enable_type_lut' to cell 'LUT6_2' [C:/Users/andre/Downloads/ped2_exp3_datasheet/kcpsm6.vhd:909]
	Parameter INIT bound to: 64'b1100000011001100000000000000000010100000101010100000000000000000 
INFO: [Synth 8-113] binding component instance 'register_enable_lut' to cell 'LUT6_2' [C:/Users/andre/Downloads/ped2_exp3_datasheet/kcpsm6.vhd:920]
INFO: [Synth 8-113] binding component instance 'flag_enable_flop' to cell 'FDR' [C:/Users/andre/Downloads/ped2_exp3_datasheet/kcpsm6.vhd:931]
INFO: [Synth 8-113] binding component instance 'register_enable_flop' to cell 'FDR' [C:/Users/andre/Downloads/ped2_exp3_datasheet/kcpsm6.vhd:937]
	Parameter INIT bound to: 64'b1000000000000000000000000000000000100000000000000000000000000000 
INFO: [Synth 8-113] binding component instance 'spm_enable_lut' to cell 'LUT6_2' [C:/Users/andre/Downloads/ped2_exp3_datasheet/kcpsm6.vhd:943]
INFO: [Synth 8-113] binding component instance 'k_write_strobe_flop' to cell 'FDR' [C:/Users/andre/Downloads/ped2_exp3_datasheet/kcpsm6.vhd:954]
INFO: [Synth 8-113] binding component instance 'spm_enable_flop' to cell 'FDR' [C:/Users/andre/Downloads/ped2_exp3_datasheet/kcpsm6.vhd:960]
	Parameter INIT bound to: 64'b0100000000000000000000000000000000000001000000000000000000000000 
INFO: [Synth 8-113] binding component instance 'read_strobe_lut' to cell 'LUT6_2' [C:/Users/andre/Downloads/ped2_exp3_datasheet/kcpsm6.vhd:966]
INFO: [Synth 8-113] binding component instance 'write_strobe_flop' to cell 'FDR' [C:/Users/andre/Downloads/ped2_exp3_datasheet/kcpsm6.vhd:977]
INFO: [Synth 8-113] binding component instance 'read_strobe_flop' to cell 'FDR' [C:/Users/andre/Downloads/ped2_exp3_datasheet/kcpsm6.vhd:983]
	Parameter INIT bound to: 64'b0000000010000000000000100000000000000000000000000000000000000000 
INFO: [Synth 8-113] binding component instance 'regbank_type_lut' to cell 'LUT6' [C:/Users/andre/Downloads/ped2_exp3_datasheet/kcpsm6.vhd:1001]
	Parameter INIT bound to: 64'b1010110010101100111111110000000011111111000000001111111100000000 
INFO: [Synth 8-113] binding component instance 'bank_lut' to cell 'LUT6' [C:/Users/andre/Downloads/ped2_exp3_datasheet/kcpsm6.vhd:1011]
INFO: [Synth 8-113] binding component instance 'bank_flop' to cell 'FDR' [C:/Users/andre/Downloads/ped2_exp3_datasheet/kcpsm6.vhd:1021]
INFO: [Synth 8-113] binding component instance 'sx_addr4_flop' to cell 'FD' [C:/Users/andre/Downloads/ped2_exp3_datasheet/kcpsm6.vhd:1027]
INFO: [Synth 8-113] binding component instance 'arith_carry_xorcy' to cell 'XORCY' [C:/Users/andre/Downloads/ped2_exp3_datasheet/kcpsm6.vhd:1051]
INFO: [Synth 8-113] binding component instance 'arith_carry_flop' to cell 'FD' [C:/Users/andre/Downloads/ped2_exp3_datasheet/kcpsm6.vhd:1056]
	Parameter INIT bound to: 64'b0000000000000000000000000000000010000111011110000000000000000000 
INFO: [Synth 8-113] binding component instance 'lower_parity_lut' to cell 'LUT6_2' [C:/Users/andre/Downloads/ped2_exp3_datasheet/kcpsm6.vhd:1061]
INFO: [Synth 8-113] binding component instance 'parity_muxcy' to cell 'MUXCY' [C:/Users/andre/Downloads/ped2_exp3_datasheet/kcpsm6.vhd:1072]
	Parameter INIT bound to: 64'b0110100110010110100101100110100110010110011010010110100110010110 
INFO: [Synth 8-113] binding component instance 'upper_parity_lut' to cell 'LUT6' [C:/Users/andre/Downloads/ped2_exp3_datasheet/kcpsm6.vhd:1078]
INFO: [Synth 8-113] binding component instance 'parity_xorcy' to cell 'XORCY' [C:/Users/andre/Downloads/ped2_exp3_datasheet/kcpsm6.vhd:1088]
	Parameter INIT bound to: 64'b1111111111111111101010101100110011110000111100001111000011110000 
INFO: [Synth 8-113] binding component instance 'shift_carry_lut' to cell 'LUT6' [C:/Users/andre/Downloads/ped2_exp3_datasheet/kcpsm6.vhd:1093]
INFO: [Synth 8-113] binding component instance 'shift_carry_flop' to cell 'FD' [C:/Users/andre/Downloads/ped2_exp3_datasheet/kcpsm6.vhd:1103]
	Parameter INIT bound to: 64'b0011001100110011101010101100110011110000101010100000000000000000 
INFO: [Synth 8-113] binding component instance 'carry_flag_lut' to cell 'LUT6_2' [C:/Users/andre/Downloads/ped2_exp3_datasheet/kcpsm6.vhd:1108]
INFO: [Synth 8-113] binding component instance 'carry_flag_flop' to cell 'FDRE' [C:/Users/andre/Downloads/ped2_exp3_datasheet/kcpsm6.vhd:1119]
INFO: [Synth 8-113] binding component instance 'init_zero_muxcy' to cell 'MUXCY' [C:/Users/andre/Downloads/ped2_exp3_datasheet/kcpsm6.vhd:1126]
	Parameter INIT bound to: 64'b1010001010000000000000000000000000000000111100000000000011110000 
INFO: [Synth 8-113] binding component instance 'use_zero_flag_lut' to cell 'LUT6_2' [C:/Users/andre/Downloads/ped2_exp3_datasheet/kcpsm6.vhd:1132]
INFO: [Synth 8-113] binding component instance 'use_zero_flag_flop' to cell 'FD' [C:/Users/andre/Downloads/ped2_exp3_datasheet/kcpsm6.vhd:1143]
	Parameter INIT bound to: 64'b0000000000000000000000000000000000000000000000000000000000000001 
INFO: [Synth 8-113] binding component instance 'lower_zero_lut' to cell 'LUT6_2' [C:/Users/andre/Downloads/ped2_exp3_datasheet/kcpsm6.vhd:1148]
INFO: [Synth 8-113] binding component instance 'lower_zero_muxcy' to cell 'MUXCY' [C:/Users/andre/Downloads/ped2_exp3_datasheet/kcpsm6.vhd:1159]
	Parameter INIT bound to: 64'b0000000000000000000000000000110100000000000000000000000000000000 
INFO: [Synth 8-113] binding component instance 'middle_zero_lut' to cell 'LUT6_2' [C:/Users/andre/Downloads/ped2_exp3_datasheet/kcpsm6.vhd:1165]
INFO: [Synth 8-113] binding component instance 'middle_zero_muxcy' to cell 'MUXCY' [C:/Users/andre/Downloads/ped2_exp3_datasheet/kcpsm6.vhd:1176]
	Parameter INIT bound to: 64'b1111101111111111000000000000000000000000000000000000000000000000 
INFO: [Synth 8-113] binding component instance 'upper_zero_lut' to cell 'LUT6' [C:/Users/andre/Downloads/ped2_exp3_datasheet/kcpsm6.vhd:1182]
INFO: [Synth 8-113] binding component instance 'upper_zero_muxcy' to cell 'MUXCY' [C:/Users/andre/Downloads/ped2_exp3_datasheet/kcpsm6.vhd:1192]
INFO: [Synth 8-113] binding component instance 'zero_flag_flop' to cell 'FDRE' [C:/Users/andre/Downloads/ped2_exp3_datasheet/kcpsm6.vhd:1198]
INFO: [Synth 8-113] binding component instance 'return_vector_flop' to cell 'FD' [C:/Users/andre/Downloads/ped2_exp3_datasheet/kcpsm6.vhd:1249]
	Parameter INIT bound to: 64'b1111111100000000111100001111000011001100110011001010101010101010 
INFO: [Synth 8-113] binding component instance 'pc_vector_mux_lut' to cell 'LUT6_2' [C:/Users/andre/Downloads/ped2_exp3_datasheet/kcpsm6.vhd:1264]
INFO: [Synth 8-113] binding component instance 'pc_flop' to cell 'FDRE' [C:/Users/andre/Downloads/ped2_exp3_datasheet/kcpsm6.vhd:1309]
	Parameter INIT bound to: 64'b0000000010101010000000001111111100110011110011000000111100000000 
INFO: [Synth 8-113] binding component instance 'pc_lut' to cell 'LUT6' [C:/Users/andre/Downloads/ped2_exp3_datasheet/kcpsm6.vhd:1350]
INFO: [Synth 8-113] binding component instance 'pc_xorcy' to cell 'XORCY' [C:/Users/andre/Downloads/ped2_exp3_datasheet/kcpsm6.vhd:1366]
INFO: [Synth 8-113] binding component instance 'pc_muxcy' to cell 'MUXCY' [C:/Users/andre/Downloads/ped2_exp3_datasheet/kcpsm6.vhd:1371]
INFO: [Synth 8-113] binding component instance 'return_vector_flop' to cell 'FD' [C:/Users/andre/Downloads/ped2_exp3_datasheet/kcpsm6.vhd:1249]
INFO: [Synth 8-113] binding component instance 'pc_flop' to cell 'FDRE' [C:/Users/andre/Downloads/ped2_exp3_datasheet/kcpsm6.vhd:1309]
	Parameter INIT bound to: 64'b0000000010101010000000001111111111001100110011001111000000000000 
INFO: [Synth 8-113] binding component instance 'pc_lut' to cell 'LUT6' [C:/Users/andre/Downloads/ped2_exp3_datasheet/kcpsm6.vhd:1411]
INFO: [Synth 8-113] binding component instance 'pc_xorcy' to cell 'XORCY' [C:/Users/andre/Downloads/ped2_exp3_datasheet/kcpsm6.vhd:1426]
INFO: [Synth 8-113] binding component instance 'pc_muxcy' to cell 'MUXCY' [C:/Users/andre/Downloads/ped2_exp3_datasheet/kcpsm6.vhd:1440]
INFO: [Synth 8-113] binding component instance 'return_vector_flop' to cell 'FD' [C:/Users/andre/Downloads/ped2_exp3_datasheet/kcpsm6.vhd:1249]
	Parameter INIT bound to: 64'b1111111100000000111100001111000011001100110011001010101010101010 
INFO: [Synth 8-113] binding component instance 'pc_vector_mux_lut' to cell 'LUT6_2' [C:/Users/andre/Downloads/ped2_exp3_datasheet/kcpsm6.vhd:1264]
INFO: [Synth 8-113] binding component instance 'pc_flop' to cell 'FDRE' [C:/Users/andre/Downloads/ped2_exp3_datasheet/kcpsm6.vhd:1309]
	Parameter INIT bound to: 64'b0000000010101010000000001111111111001100110011001111000000000000 
INFO: [Synth 8-113] binding component instance 'pc_lut' to cell 'LUT6' [C:/Users/andre/Downloads/ped2_exp3_datasheet/kcpsm6.vhd:1411]
INFO: [Synth 8-113] binding component instance 'pc_xorcy' to cell 'XORCY' [C:/Users/andre/Downloads/ped2_exp3_datasheet/kcpsm6.vhd:1426]
INFO: [Synth 8-113] binding component instance 'pc_muxcy' to cell 'MUXCY' [C:/Users/andre/Downloads/ped2_exp3_datasheet/kcpsm6.vhd:1440]
INFO: [Synth 8-113] binding component instance 'return_vector_flop' to cell 'FD' [C:/Users/andre/Downloads/ped2_exp3_datasheet/kcpsm6.vhd:1249]
INFO: [Synth 8-113] binding component instance 'pc_flop' to cell 'FDRE' [C:/Users/andre/Downloads/ped2_exp3_datasheet/kcpsm6.vhd:1309]
	Parameter INIT bound to: 64'b0000000010101010000000001111111111001100110011001111000000000000 
INFO: [Synth 8-113] binding component instance 'pc_lut' to cell 'LUT6' [C:/Users/andre/Downloads/ped2_exp3_datasheet/kcpsm6.vhd:1411]
INFO: [Synth 8-113] binding component instance 'pc_xorcy' to cell 'XORCY' [C:/Users/andre/Downloads/ped2_exp3_datasheet/kcpsm6.vhd:1426]
INFO: [Synth 8-113] binding component instance 'pc_muxcy' to cell 'MUXCY' [C:/Users/andre/Downloads/ped2_exp3_datasheet/kcpsm6.vhd:1440]
INFO: [Synth 8-113] binding component instance 'return_vector_flop' to cell 'FD' [C:/Users/andre/Downloads/ped2_exp3_datasheet/kcpsm6.vhd:1249]
	Parameter INIT bound to: 64'b1111111100000000111100001111000011001100110011001010101010101010 
INFO: [Synth 8-113] binding component instance 'pc_vector_mux_lut' to cell 'LUT6_2' [C:/Users/andre/Downloads/ped2_exp3_datasheet/kcpsm6.vhd:1264]
INFO: [Synth 8-113] binding component instance 'pc_flop' to cell 'FDRE' [C:/Users/andre/Downloads/ped2_exp3_datasheet/kcpsm6.vhd:1309]
	Parameter INIT bound to: 64'b0000000010101010000000001111111111001100110011001111000000000000 
INFO: [Synth 8-113] binding component instance 'pc_lut' to cell 'LUT6' [C:/Users/andre/Downloads/ped2_exp3_datasheet/kcpsm6.vhd:1411]
INFO: [Synth 8-113] binding component instance 'pc_xorcy' to cell 'XORCY' [C:/Users/andre/Downloads/ped2_exp3_datasheet/kcpsm6.vhd:1426]
INFO: [Synth 8-113] binding component instance 'pc_muxcy' to cell 'MUXCY' [C:/Users/andre/Downloads/ped2_exp3_datasheet/kcpsm6.vhd:1440]
INFO: [Synth 8-113] binding component instance 'return_vector_flop' to cell 'FD' [C:/Users/andre/Downloads/ped2_exp3_datasheet/kcpsm6.vhd:1249]
INFO: [Synth 8-113] binding component instance 'pc_flop' to cell 'FDRE' [C:/Users/andre/Downloads/ped2_exp3_datasheet/kcpsm6.vhd:1309]
	Parameter INIT bound to: 64'b0000000010101010000000001111111111001100110011001111000000000000 
INFO: [Synth 8-113] binding component instance 'pc_lut' to cell 'LUT6' [C:/Users/andre/Downloads/ped2_exp3_datasheet/kcpsm6.vhd:1411]
INFO: [Synth 8-113] binding component instance 'pc_xorcy' to cell 'XORCY' [C:/Users/andre/Downloads/ped2_exp3_datasheet/kcpsm6.vhd:1426]
INFO: [Synth 8-113] binding component instance 'pc_muxcy' to cell 'MUXCY' [C:/Users/andre/Downloads/ped2_exp3_datasheet/kcpsm6.vhd:1440]
INFO: [Synth 8-113] binding component instance 'return_vector_flop' to cell 'FD' [C:/Users/andre/Downloads/ped2_exp3_datasheet/kcpsm6.vhd:1249]
	Parameter INIT bound to: 64'b1111111100000000111100001111000011001100110011001010101010101010 
INFO: [Synth 8-113] binding component instance 'pc_vector_mux_lut' to cell 'LUT6_2' [C:/Users/andre/Downloads/ped2_exp3_datasheet/kcpsm6.vhd:1264]
INFO: [Synth 8-113] binding component instance 'pc_flop' to cell 'FDRE' [C:/Users/andre/Downloads/ped2_exp3_datasheet/kcpsm6.vhd:1309]
	Parameter INIT bound to: 64'b0000000010101010000000001111111111001100110011001111000000000000 
INFO: [Synth 8-113] binding component instance 'pc_lut' to cell 'LUT6' [C:/Users/andre/Downloads/ped2_exp3_datasheet/kcpsm6.vhd:1411]
INFO: [Synth 8-113] binding component instance 'pc_xorcy' to cell 'XORCY' [C:/Users/andre/Downloads/ped2_exp3_datasheet/kcpsm6.vhd:1426]
INFO: [Synth 8-113] binding component instance 'pc_muxcy' to cell 'MUXCY' [C:/Users/andre/Downloads/ped2_exp3_datasheet/kcpsm6.vhd:1440]
INFO: [Synth 8-113] binding component instance 'return_vector_flop' to cell 'FD' [C:/Users/andre/Downloads/ped2_exp3_datasheet/kcpsm6.vhd:1249]
INFO: [Synth 8-113] binding component instance 'pc_flop' to cell 'FDRE' [C:/Users/andre/Downloads/ped2_exp3_datasheet/kcpsm6.vhd:1309]
	Parameter INIT bound to: 64'b0000000010101010000000001111111111001100110011001111000000000000 
INFO: [Synth 8-113] binding component instance 'pc_lut' to cell 'LUT6' [C:/Users/andre/Downloads/ped2_exp3_datasheet/kcpsm6.vhd:1411]
INFO: [Common 17-14] Message 'Synth 8-113' appears 100 times and further instances of the messages will be disabled. Use the Tcl command set_msg_config to change the current settings.
	Parameter INIT bound to: 64'b1111111100000000111100001111000011001100110011001010101010101010 
	Parameter INIT bound to: 64'b0000000010101010000000001111111111001100110011001111000000000000 
	Parameter INIT bound to: 64'b0000000010101010000000001111111111001100110011001111000000000000 
	Parameter INIT bound to: 64'b1111111100000000111100001111000011001100110011001010101010101010 
	Parameter INIT bound to: 64'b0000000010101010000000000000000011001100110011001111000000000000 
	Parameter INIT bound to: 64'b0000000010101010000000000000000011001100110011001111000000000000 
	Parameter INIT_A bound to: 64'b0000000000000000000000000000000000000000000000000000000000000000 
	Parameter INIT_B bound to: 64'b0000000000000000000000000000000000000000000000000000000000000000 
	Parameter INIT_C bound to: 64'b0000000000000000000000000000000000000000000000000000000000000000 
	Parameter INIT_D bound to: 64'b0000000000000000000000000000000000000000000000000000000000000000 
	Parameter INIT_A bound to: 64'b0000000000000000000000000000000000000000000000000000000000000000 
	Parameter INIT_B bound to: 64'b0000000000000000000000000000000000000000000000000000000000000000 
	Parameter INIT_C bound to: 64'b0000000000000000000000000000000000000000000000000000000000000000 
	Parameter INIT_D bound to: 64'b0000000000000000000000000000000000000000000000000000000000000000 
	Parameter INIT bound to: 64'b0000000000010101001010011010101010101010101010101010101010101010 
	Parameter INIT bound to: 64'b0000000000101010001001010010101010101010101010101010101010101010 
	Parameter INIT bound to: 64'b0000000000101010001001010010101010101010101010101010101010101010 
	Parameter INIT bound to: 64'b0000000000101010001001010010101010101010101010101010101010101010 
	Parameter INIT bound to: 64'b0000000000101010001001010010101010101010101010101010101010101010 
	Parameter INIT bound to: 64'b1111111100000000111100001111000011001100110011001010101010101010 
	Parameter INIT bound to: 64'b1111111100000000111100001111000011001100110011001010101010101010 
	Parameter INIT bound to: 64'b0110100101101001011011101000101011001100110011000000000000000000 
	Parameter INIT bound to: 64'b1011111110111100100011111000110010110011101100001000001110000000 
	Parameter INIT bound to: 64'b1111111100000000111100001111000011001100110011001010101010101010 
	Parameter INIT bound to: 64'b1111111100000000111100001111000011001100110011001010101010101010 
	Parameter INIT_A bound to: 64'b0000000000000000000000000000000000000000000000000000000000000000 
	Parameter INIT_B bound to: 64'b0000000000000000000000000000000000000000000000000000000000000000 
	Parameter INIT_C bound to: 64'b0000000000000000000000000000000000000000000000000000000000000000 
	Parameter INIT_D bound to: 64'b0000000000000000000000000000000000000000000000000000000000000000 
	Parameter INIT bound to: 64'b0110100101101001011011101000101011001100110011000000000000000000 
	Parameter INIT bound to: 64'b1111111100000000111100001111000011001100110011001010101010101010 
	Parameter INIT bound to: 64'b1111111100000000111100001111000011001100110011001010101010101010 
	Parameter INIT bound to: 64'b1111111100000000111100001111000011001100110011001010101010101010 
	Parameter INIT bound to: 64'b0110100101101001011011101000101011001100110011000000000000000000 
	Parameter INIT bound to: 64'b1111111100000000111100001111000011001100110011001010101010101010 
	Parameter INIT bound to: 64'b1111111100000000111100001111000011001100110011001010101010101010 
	Parameter INIT bound to: 64'b0110100101101001011011101000101011001100110011000000000000000000 
	Parameter INIT bound to: 64'b1111111100000000111100001111000011001100110011001010101010101010 
	Parameter INIT bound to: 64'b1111111100000000111100001111000011001100110011001010101010101010 
	Parameter INIT bound to: 64'b1111111100000000111100001111000011001100110011001010101010101010 
	Parameter INIT bound to: 64'b0110100101101001011011101000101011001100110011000000000000000000 
	Parameter INIT bound to: 64'b1111111100000000111100001111000011001100110011001010101010101010 
	Parameter INIT bound to: 64'b1111111100000000111100001111000011001100110011001010101010101010 
	Parameter INIT_A bound to: 64'b0000000000000000000000000000000000000000000000000000000000000000 
	Parameter INIT_B bound to: 64'b0000000000000000000000000000000000000000000000000000000000000000 
	Parameter INIT_C bound to: 64'b0000000000000000000000000000000000000000000000000000000000000000 
	Parameter INIT_D bound to: 64'b0000000000000000000000000000000000000000000000000000000000000000 
	Parameter INIT bound to: 64'b0110100101101001011011101000101011001100110011000000000000000000 
	Parameter INIT bound to: 64'b1111111100000000111100001111000011001100110011001010101010101010 
	Parameter INIT bound to: 64'b1111111100000000111100001111000011001100110011001010101010101010 
	Parameter INIT bound to: 64'b1111111100000000111100001111000011001100110011001010101010101010 
	Parameter INIT bound to: 64'b0110100101101001011011101000101011001100110011000000000000000000 
	Parameter INIT bound to: 64'b1111111100000000111100001111000011001100110011001010101010101010 
	Parameter INIT bound to: 64'b1111111100000000111100001111000011001100110011001010101010101010 
	Parameter INIT bound to: 64'b0110100101101001011011101000101011001100110011000000000000000000 
	Parameter INIT bound to: 64'b1111111100000000111100001111000011001100110011001010101010101010 
	Parameter INIT_A bound to: 64'b0000000000000000000000000000000000000000000000000000000000000000 
	Parameter INIT_B bound to: 64'b0000000000000000000000000000000000000000000000000000000000000000 
	Parameter INIT_C bound to: 64'b0000000000000000000000000000000000000000000000000000000000000000 
	Parameter INIT_D bound to: 64'b0000000000000000000000000000000000000000000000000000000000000000 
	Parameter INIT_A bound to: 64'b0000000000000000000000000000000000000000000000000000000000000000 
	Parameter INIT_B bound to: 64'b0000000000000000000000000000000000000000000000000000000000000000 
	Parameter INIT_C bound to: 64'b0000000000000000000000000000000000000000000000000000000000000000 
	Parameter INIT_D bound to: 64'b0000000000000000000000000000000000000000000000000000000000000000 
INFO: [Synth 8-256] done synthesizing module 'kcpsm6' (0#1) [C:/Users/andre/Downloads/ped2_exp3_datasheet/kcpsm6.vhd:111]
	Parameter C_FAMILY bound to: 7S - type: string 
	Parameter C_RAM_SIZE_KWORDS bound to: 2 - type: integer 
	Parameter C_JTAG_LOADER_ENABLE bound to: 1 - type: integer 
INFO: [Synth 8-3491] module 'hipo_calc' declared at 'C:/Users/andre/Downloads/ped2_exp3_datasheet/hipo_calc.vhd:132' bound to instance 'program_rom' of component 'hipo_calc' [C:/Users/andre/Downloads/ped2_exp3_datasheet/ped2_exp3/ped2_exp3.srcs/sources_1/new/top_module.vhd:126]
INFO: [Synth 8-638] synthesizing module 'hipo_calc' [C:/Users/andre/Downloads/ped2_exp3_datasheet/hipo_calc.vhd:143]
	Parameter C_FAMILY bound to: 7S - type: string 
	Parameter C_RAM_SIZE_KWORDS bound to: 2 - type: integer 
	Parameter C_JTAG_LOADER_ENABLE bound to: 1 - type: integer 
	Parameter DOA_REG bound to: 0 - type: integer 
	Parameter DOB_REG bound to: 0 - type: integer 
	Parameter EN_ECC_READ bound to: 0 - type: bool 
	Parameter EN_ECC_WRITE bound to: 0 - type: bool 
	Parameter INITP_00 bound to: 256'b0000000000000000000000000000000000000000000000000000000000000000000000000000000000000000000000000000000000000000000000000000000000000000000000000000000000000000000000000000000000000000000000000000101000100011010101010001010101000000000010000011010000001010 
	Parameter INITP_01 bound to: 256'b0000000000000000000000000000000000000000000000000000000000000000000000000000000000000000000000000000000000000000000000000000000000000000000000000000000000000000000000000000000000000000000000000000000000000000000000000000000000000000000000000000000000000000 
	Parameter INITP_02 bound to: 256'b0000000000000000000000000000000000000000000000000000000000000000000000000000000000000000000000000000000000000000000000000000000000000000000000000000000000000000000000000000000000000000000000000000000000000000000000000000000000000000000000000000000000000000 
	Parameter INITP_03 bound to: 256'b0000000000000000000000000000000000000000000000000000000000000000000000000000000000000000000000000000000000000000000000000000000000000000000000000000000000000000000000000000000000000000000000000000000000000000000000000000000000000000000000000000000000000000 
	Parameter INITP_04 bound to: 256'b0000000000000000000000000000000000000000000000000000000000000000000000000000000000000000000000000000000000000000000000000000000000000000000000000000000000000000000000000000000000000000000000000000000000000000000000000000000000000000000000000000000000000000 
	Parameter INITP_05 bound to: 256'b0000000000000000000000000000000000000000000000000000000000000000000000000000000000000000000000000000000000000000000000000000000000000000000000000000000000000000000000000000000000000000000000000000000000000000000000000000000000000000000000000000000000000000 
	Parameter INITP_06 bound to: 256'b0000000000000000000000000000000000000000000000000000000000000000000000000000000000000000000000000000000000000000000000000000000000000000000000000000000000000000000000000000000000000000000000000000000000000000000000000000000000000000000000000000000000000000 
	Parameter INITP_07 bound to: 256'b1000000000000000000000000000000000000000000000000000000000000000000000000000000000000000000000000000000000000000000000000000000000000000000000000000000000000000000000000000000000000000000000000000000000000000000000000000000000000000000000000000000000000000 
	Parameter INITP_08 bound to: 256'b0000000000000000000000000000000000000000000000000000000000000000000000000000000000000000000000000000000000000000000000000000000000000000000000000000000000000000000000000000000000000000000000000000000000000000000000000000000000000000000000000000000000000000 
	Parameter INITP_09 bound to: 256'b0000000000000000000000000000000000000000000000000000000000000000000000000000000000000000000000000000000000000000000000000000000000000000000000000000000000000000000000000000000000000000000000000000000000000000000000000000000000000000000000000000000000000000 
	Parameter INITP_0A bound to: 256'b0000000000000000000000000000000000000000000000000000000000000000000000000000000000000000000000000000000000000000000000000000000000000000000000000000000000000000000000000000000000000000000000000000000000000000000000000000000000000000000000000000000000000000 
	Parameter INITP_0B bound to: 256'b0000000000000000000000000000000000000000000000000000000000000000000000000000000000000000000000000000000000000000000000000000000000000000000000000000000000000000000000000000000000000000000000000000000000000000000000000000000000000000000000000000000000000000 
	Parameter INITP_0C bound to: 256'b0000000000000000000000000000000000000000000000000000000000000000000000000000000000000000000000000000000000000000000000000000000000000000000000000000000000000000000000000000000000000000000000000000000000000000000000000000000000000000000000000000000000000000 
	Parameter INITP_0D bound to: 256'b0000000000000000000000000000000000000000000000000000000000000000000000000000000000000000000000000000000000000000000000000000000000000000000000000000000000000000000000000000000000000000000000000000000000000000000000000000000000000000000000000000000000000000 
	Parameter INITP_0E bound to: 256'b0000000000000000000000000000000000000000000000000000000000000000000000000000000000000000000000000000000000000000000000000000000000000000000000000000000000000000000000000000000000000000000000000000000000000000000000000000000000000000000000000000000000000000 
	Parameter INITP_0F bound to: 256'b0000000000000000000000000000000000000000000000000000000000000000000000000000000000000000000000000000000000000000000000000000000000000000000000000000000000000000000000000000000000000000000000000000000000000000000000000000000000000000000000000000000000000000 
	Parameter INIT_00 bound to: 256'b0100001100001110000001000010000000000101000100000000001100010000000000101110000000000001111100000010000000001100000000101111000000000001111000001010000000001010110011101111000000011000000100001001111100000010100111100000000100100000000000011000000000000001 
	Parameter INIT_01 bound to: 256'b0000000000000000000000000000000010010000000000011101011100000011000001110001000000100000000111000000011101100000101000000001101111000110000100000000011001010000000110000100000010000101001100000000011001000000010000110000111001000100000011100100001100001110 
	Parameter INIT_02 bound to: 256'b0000000000000000000000000000000000000000000000000000000000000000000000000000000000000000000000000000000000000000000000000000000000000000000000000000000000000000000000000000000000000000000000000000000000000000000000000000000000000000000000000000000000000000 
	Parameter INIT_03 bound to: 256'b0000000000000000000000000000000000000000000000000000000000000000000000000000000000000000000000000000000000000000000000000000000000000000000000000000000000000000000000000000000000000000000000000000000000000000000000000000000000000000000000000000000000000000 
	Parameter INIT_04 bound to: 256'b0000000000000000000000000000000000000000000000000000000000000000000000000000000000000000000000000000000000000000000000000000000000000000000000000000000000000000000000000000000000000000000000000000000000000000000000000000000000000000000000000000000000000000 
	Parameter INIT_05 bound to: 256'b0000000000000000000000000000000000000000000000000000000000000000000000000000000000000000000000000000000000000000000000000000000000000000000000000000000000000000000000000000000000000000000000000000000000000000000000000000000000000000000000000000000000000000 
	Parameter INIT_06 bound to: 256'b0000000000000000000000000000000000000000000000000000000000000000000000000000000000000000000000000000000000000000000000000000000000000000000000000000000000000000000000000000000000000000000000000000000000000000000000000000000000000000000000000000000000000000 
	Parameter INIT_07 bound to: 256'b0000000000000000000000000000000000000000000000000000000000000000000000000000000000000000000000000000000000000000000000000000000000000000000000000000000000000000000000000000000000000000000000000000000000000000000000000000000000000000000000000000000000000000 
	Parameter INIT_08 bound to: 256'b0000000000000000000000000000000000000000000000000000000000000000000000000000000000000000000000000000000000000000000000000000000000000000000000000000000000000000000000000000000000000000000000000000000000000000000000000000000000000000000000000000000000000000 
	Parameter INIT_09 bound to: 256'b0000000000000000000000000000000000000000000000000000000000000000000000000000000000000000000000000000000000000000000000000000000000000000000000000000000000000000000000000000000000000000000000000000000000000000000000000000000000000000000000000000000000000000 
	Parameter INIT_0A bound to: 256'b0000000000000000000000000000000000000000000000000000000000000000000000000000000000000000000000000000000000000000000000000000000000000000000000000000000000000000000000000000000000000000000000000000000000000000000000000000000000000000000000000000000000000000 
	Parameter INIT_0B bound to: 256'b0000000000000000000000000000000000000000000000000000000000000000000000000000000000000000000000000000000000000000000000000000000000000000000000000000000000000000000000000000000000000000000000000000000000000000000000000000000000000000000000000000000000000000 
	Parameter INIT_0C bound to: 256'b0000000000000000000000000000000000000000000000000000000000000000000000000000000000000000000000000000000000000000000000000000000000000000000000000000000000000000000000000000000000000000000000000000000000000000000000000000000000000000000000000000000000000000 
	Parameter INIT_0D bound to: 256'b0000000000000000000000000000000000000000000000000000000000000000000000000000000000000000000000000000000000000000000000000000000000000000000000000000000000000000000000000000000000000000000000000000000000000000000000000000000000000000000000000000000000000000 
	Parameter INIT_0E bound to: 256'b0000000000000000000000000000000000000000000000000000000000000000000000000000000000000000000000000000000000000000000000000000000000000000000000000000000000000000000000000000000000000000000000000000000000000000000000000000000000000000000000000000000000000000 
	Parameter INIT_0F bound to: 256'b0000000000000000000000000000000000000000000000000000000000000000000000000000000000000000000000000000000000000000000000000000000000000000000000000000000000000000000000000000000000000000000000000000000000000000000000000000000000000000000000000000000000000000 
	Parameter INIT_10 bound to: 256'b0000000000000000000000000000000000000000000000000000000000000000000000000000000000000000000000000000000000000000000000000000000000000000000000000000000000000000000000000000000000000000000000000000000000000000000000000000000000000000000000000000000000000000 
	Parameter INIT_11 bound to: 256'b0000000000000000000000000000000000000000000000000000000000000000000000000000000000000000000000000000000000000000000000000000000000000000000000000000000000000000000000000000000000000000000000000000000000000000000000000000000000000000000000000000000000000000 
	Parameter INIT_12 bound to: 256'b0000000000000000000000000000000000000000000000000000000000000000000000000000000000000000000000000000000000000000000000000000000000000000000000000000000000000000000000000000000000000000000000000000000000000000000000000000000000000000000000000000000000000000 
	Parameter INIT_13 bound to: 256'b0000000000000000000000000000000000000000000000000000000000000000000000000000000000000000000000000000000000000000000000000000000000000000000000000000000000000000000000000000000000000000000000000000000000000000000000000000000000000000000000000000000000000000 
	Parameter INIT_14 bound to: 256'b0000000000000000000000000000000000000000000000000000000000000000000000000000000000000000000000000000000000000000000000000000000000000000000000000000000000000000000000000000000000000000000000000000000000000000000000000000000000000000000000000000000000000000 
	Parameter INIT_15 bound to: 256'b0000000000000000000000000000000000000000000000000000000000000000000000000000000000000000000000000000000000000000000000000000000000000000000000000000000000000000000000000000000000000000000000000000000000000000000000000000000000000000000000000000000000000000 
	Parameter INIT_16 bound to: 256'b0000000000000000000000000000000000000000000000000000000000000000000000000000000000000000000000000000000000000000000000000000000000000000000000000000000000000000000000000000000000000000000000000000000000000000000000000000000000000000000000000000000000000000 
	Parameter INIT_17 bound to: 256'b0000000000000000000000000000000000000000000000000000000000000000000000000000000000000000000000000000000000000000000000000000000000000000000000000000000000000000000000000000000000000000000000000000000000000000000000000000000000000000000000000000000000000000 
	Parameter INIT_18 bound to: 256'b0000000000000000000000000000000000000000000000000000000000000000000000000000000000000000000000000000000000000000000000000000000000000000000000000000000000000000000000000000000000000000000000000000000000000000000000000000000000000000000000000000000000000000 
	Parameter INIT_19 bound to: 256'b0000000000000000000000000000000000000000000000000000000000000000000000000000000000000000000000000000000000000000000000000000000000000000000000000000000000000000000000000000000000000000000000000000000000000000000000000000000000000000000000000000000000000000 
	Parameter INIT_1A bound to: 256'b0000000000000000000000000000000000000000000000000000000000000000000000000000000000000000000000000000000000000000000000000000000000000000000000000000000000000000000000000000000000000000000000000000000000000000000000000000000000000000000000000000000000000000 
	Parameter INIT_1B bound to: 256'b0000000000000000000000000000000000000000000000000000000000000000000000000000000000000000000000000000000000000000000000000000000000000000000000000000000000000000000000000000000000000000000000000000000000000000000000000000000000000000000000000000000000000000 
	Parameter INIT_1C bound to: 256'b0000000000000000000000000000000000000000000000000000000000000000000000000000000000000000000000000000000000000000000000000000000000000000000000000000000000000000000000000000000000000000000000000000000000000000000000000000000000000000000000000000000000000000 
	Parameter INIT_1D bound to: 256'b0000000000000000000000000000000000000000000000000000000000000000000000000000000000000000000000000000000000000000000000000000000000000000000000000000000000000000000000000000000000000000000000000000000000000000000000000000000000000000000000000000000000000000 
	Parameter INIT_1E bound to: 256'b0000000000000000000000000000000000000000000000000000000000000000000000000000000000000000000000000000000000000000000000000000000000000000000000000000000000000000000000000000000000000000000000000000000000000000000000000000000000000000000000000000000000000000 
	Parameter INIT_1F bound to: 256'b0000000000000000000000000000000000000000000000000000000000000000000000000000000000000000000000000000000000000000000000000000000000000000000000000000000000000000000000000000000000000000000000000000000000000000000000000000000000000000000000000000000000000000 
	Parameter INIT_20 bound to: 256'b0000000000000000000000000000000000000000000000000000000000000000000000000000000000000000000000000000000000000000000000000000000000000000000000000000000000000000000000000000000000000000000000000000000000000000000000000000000000000000000000000000000000000000 
	Parameter INIT_21 bound to: 256'b0000000000000000000000000000000000000000000000000000000000000000000000000000000000000000000000000000000000000000000000000000000000000000000000000000000000000000000000000000000000000000000000000000000000000000000000000000000000000000000000000000000000000000 
	Parameter INIT_22 bound to: 256'b0000000000000000000000000000000000000000000000000000000000000000000000000000000000000000000000000000000000000000000000000000000000000000000000000000000000000000000000000000000000000000000000000000000000000000000000000000000000000000000000000000000000000000 
	Parameter INIT_23 bound to: 256'b0000000000000000000000000000000000000000000000000000000000000000000000000000000000000000000000000000000000000000000000000000000000000000000000000000000000000000000000000000000000000000000000000000000000000000000000000000000000000000000000000000000000000000 
	Parameter INIT_24 bound to: 256'b0000000000000000000000000000000000000000000000000000000000000000000000000000000000000000000000000000000000000000000000000000000000000000000000000000000000000000000000000000000000000000000000000000000000000000000000000000000000000000000000000000000000000000 
	Parameter INIT_25 bound to: 256'b0000000000000000000000000000000000000000000000000000000000000000000000000000000000000000000000000000000000000000000000000000000000000000000000000000000000000000000000000000000000000000000000000000000000000000000000000000000000000000000000000000000000000000 
	Parameter INIT_26 bound to: 256'b0000000000000000000000000000000000000000000000000000000000000000000000000000000000000000000000000000000000000000000000000000000000000000000000000000000000000000000000000000000000000000000000000000000000000000000000000000000000000000000000000000000000000000 
	Parameter INIT_27 bound to: 256'b0000000000000000000000000000000000000000000000000000000000000000000000000000000000000000000000000000000000000000000000000000000000000000000000000000000000000000000000000000000000000000000000000000000000000000000000000000000000000000000000000000000000000000 
	Parameter INIT_28 bound to: 256'b0000000000000000000000000000000000000000000000000000000000000000000000000000000000000000000000000000000000000000000000000000000000000000000000000000000000000000000000000000000000000000000000000000000000000000000000000000000000000000000000000000000000000000 
	Parameter INIT_29 bound to: 256'b0000000000000000000000000000000000000000000000000000000000000000000000000000000000000000000000000000000000000000000000000000000000000000000000000000000000000000000000000000000000000000000000000000000000000000000000000000000000000000000000000000000000000000 
	Parameter INIT_2A bound to: 256'b0000000000000000000000000000000000000000000000000000000000000000000000000000000000000000000000000000000000000000000000000000000000000000000000000000000000000000000000000000000000000000000000000000000000000000000000000000000000000000000000000000000000000000 
	Parameter INIT_2B bound to: 256'b0000000000000000000000000000000000000000000000000000000000000000000000000000000000000000000000000000000000000000000000000000000000000000000000000000000000000000000000000000000000000000000000000000000000000000000000000000000000000000000000000000000000000000 
	Parameter INIT_2C bound to: 256'b0000000000000000000000000000000000000000000000000000000000000000000000000000000000000000000000000000000000000000000000000000000000000000000000000000000000000000000000000000000000000000000000000000000000000000000000000000000000000000000000000000000000000000 
	Parameter INIT_2D bound to: 256'b0000000000000000000000000000000000000000000000000000000000000000000000000000000000000000000000000000000000000000000000000000000000000000000000000000000000000000000000000000000000000000000000000000000000000000000000000000000000000000000000000000000000000000 
	Parameter INIT_2E bound to: 256'b0000000000000000000000000000000000000000000000000000000000000000000000000000000000000000000000000000000000000000000000000000000000000000000000000000000000000000000000000000000000000000000000000000000000000000000000000000000000000000000000000000000000000000 
	Parameter INIT_2F bound to: 256'b0000000000000000000000000000000000000000000000000000000000000000000000000000000000000000000000000000000000000000000000000000000000000000000000000000000000000000000000000000000000000000000000000000000000000000000000000000000000000000000000000000000000000000 
	Parameter INIT_30 bound to: 256'b0000000000000000000000000000000000000000000000000000000000000000000000000000000000000000000000000000000000000000000000000000000000000000000000000000000000000000000000000000000000000000000000000000000000000000000000000000000000000000000000000000000000000000 
	Parameter INIT_31 bound to: 256'b0000000000000000000000000000000000000000000000000000000000000000000000000000000000000000000000000000000000000000000000000000000000000000000000000000000000000000000000000000000000000000000000000000000000000000000000000000000000000000000000000000000000000000 
	Parameter INIT_32 bound to: 256'b0000000000000000000000000000000000000000000000000000000000000000000000000000000000000000000000000000000000000000000000000000000000000000000000000000000000000000000000000000000000000000000000000000000000000000000000000000000000000000000000000000000000000000 
	Parameter INIT_33 bound to: 256'b0000000000000000000000000000000000000000000000000000000000000000000000000000000000000000000000000000000000000000000000000000000000000000000000000000000000000000000000000000000000000000000000000000000000000000000000000000000000000000000000000000000000000000 
	Parameter INIT_34 bound to: 256'b0000000000000000000000000000000000000000000000000000000000000000000000000000000000000000000000000000000000000000000000000000000000000000000000000000000000000000000000000000000000000000000000000000000000000000000000000000000000000000000000000000000000000000 
	Parameter INIT_35 bound to: 256'b0000000000000000000000000000000000000000000000000000000000000000000000000000000000000000000000000000000000000000000000000000000000000000000000000000000000000000000000000000000000000000000000000000000000000000000000000000000000000000000000000000000000000000 
	Parameter INIT_36 bound to: 256'b0000000000000000000000000000000000000000000000000000000000000000000000000000000000000000000000000000000000000000000000000000000000000000000000000000000000000000000000000000000000000000000000000000000000000000000000000000000000000000000000000000000000000000 
	Parameter INIT_37 bound to: 256'b0000000000000000000000000000000000000000000000000000000000000000000000000000000000000000000000000000000000000000000000000000000000000000000000000000000000000000000000000000000000000000000000000000000000000000000000000000000000000000000000000000000000000000 
	Parameter INIT_38 bound to: 256'b0000000000000000000000000000000000000000000000000000000000000000000000000000000000000000000000000000000000000000000000000000000000000000000000000000000000000000000000000000000000000000000000000000000000000000000000000000000000000000000000000000000000000000 
	Parameter INIT_39 bound to: 256'b0000000000000000000000000000000000000000000000000000000000000000000000000000000000000000000000000000000000000000000000000000000000000000000000000000000000000000000000000000000000000000000000000000000000000000000000000000000000000000000000000000000000000000 
	Parameter INIT_3A bound to: 256'b0000000000000000000000000000000000000000000000000000000000000000000000000000000000000000000000000000000000000000000000000000000000000000000000000000000000000000000000000000000000000000000000000000000000000000000000000000000000000000000000000000000000000000 
	Parameter INIT_3B bound to: 256'b0000000000000000000000000000000000000000000000000000000000000000000000000000000000000000000000000000000000000000000000000000000000000000000000000000000000000000000000000000000000000000000000000000000000000000000000000000000000000000000000000000000000000000 
	Parameter INIT_3C bound to: 256'b0000000000000000000000000000000000000000000000000000000000000000000000000000000000000000000000000000000000000000000000000000000000000000000000000000000000000000000000000000000000000000000000000000000000000000000000000000000000000000000000000000000000000000 
	Parameter INIT_3D bound to: 256'b0000000000000000000000000000000000000000000000000000000000000000000000000000000000000000000000000000000000000000000000000000000000000000000000000000000000000000000000000000000000000000000000000000000000000000000000000000000000000000000000000000000000000000 
	Parameter INIT_3E bound to: 256'b0000000000000000000000000000000000000000000000000000000000000000000000000000000000000000000000000000000000000000000000000000000000000000000000000000000000000000000000000000000000000000000000000000000000000000000000000000000000000000000000000000000000000000 
	Parameter INIT_3F bound to: 256'b0010000000000010000000000000000000000000000000000000000000000000000000000000000000000000000000000000000000000000000000000000000000000000000000000000000000000000000000000000000000000000000000000000000000000000000000000000000000000000000000000000000000000000 
	Parameter INIT_40 bound to: 256'b0000000000000000000000000000000000000000000000000000000000000000000000000000000000000000000000000000000000000000000000000000000000000000000000000000000000000000000000000000000000000000000000000000000000000000000000000000000000000000000000000000000000000000 
	Parameter INIT_41 bound to: 256'b0000000000000000000000000000000000000000000000000000000000000000000000000000000000000000000000000000000000000000000000000000000000000000000000000000000000000000000000000000000000000000000000000000000000000000000000000000000000000000000000000000000000000000 
	Parameter INIT_42 bound to: 256'b0000000000000000000000000000000000000000000000000000000000000000000000000000000000000000000000000000000000000000000000000000000000000000000000000000000000000000000000000000000000000000000000000000000000000000000000000000000000000000000000000000000000000000 
	Parameter INIT_43 bound to: 256'b0000000000000000000000000000000000000000000000000000000000000000000000000000000000000000000000000000000000000000000000000000000000000000000000000000000000000000000000000000000000000000000000000000000000000000000000000000000000000000000000000000000000000000 
	Parameter INIT_44 bound to: 256'b0000000000000000000000000000000000000000000000000000000000000000000000000000000000000000000000000000000000000000000000000000000000000000000000000000000000000000000000000000000000000000000000000000000000000000000000000000000000000000000000000000000000000000 
	Parameter INIT_45 bound to: 256'b0000000000000000000000000000000000000000000000000000000000000000000000000000000000000000000000000000000000000000000000000000000000000000000000000000000000000000000000000000000000000000000000000000000000000000000000000000000000000000000000000000000000000000 
	Parameter INIT_46 bound to: 256'b0000000000000000000000000000000000000000000000000000000000000000000000000000000000000000000000000000000000000000000000000000000000000000000000000000000000000000000000000000000000000000000000000000000000000000000000000000000000000000000000000000000000000000 
	Parameter INIT_47 bound to: 256'b0000000000000000000000000000000000000000000000000000000000000000000000000000000000000000000000000000000000000000000000000000000000000000000000000000000000000000000000000000000000000000000000000000000000000000000000000000000000000000000000000000000000000000 
	Parameter INIT_48 bound to: 256'b0000000000000000000000000000000000000000000000000000000000000000000000000000000000000000000000000000000000000000000000000000000000000000000000000000000000000000000000000000000000000000000000000000000000000000000000000000000000000000000000000000000000000000 
	Parameter INIT_49 bound to: 256'b0000000000000000000000000000000000000000000000000000000000000000000000000000000000000000000000000000000000000000000000000000000000000000000000000000000000000000000000000000000000000000000000000000000000000000000000000000000000000000000000000000000000000000 
	Parameter INIT_4A bound to: 256'b0000000000000000000000000000000000000000000000000000000000000000000000000000000000000000000000000000000000000000000000000000000000000000000000000000000000000000000000000000000000000000000000000000000000000000000000000000000000000000000000000000000000000000 
	Parameter INIT_4B bound to: 256'b0000000000000000000000000000000000000000000000000000000000000000000000000000000000000000000000000000000000000000000000000000000000000000000000000000000000000000000000000000000000000000000000000000000000000000000000000000000000000000000000000000000000000000 
	Parameter INIT_4C bound to: 256'b0000000000000000000000000000000000000000000000000000000000000000000000000000000000000000000000000000000000000000000000000000000000000000000000000000000000000000000000000000000000000000000000000000000000000000000000000000000000000000000000000000000000000000 
	Parameter INIT_4D bound to: 256'b0000000000000000000000000000000000000000000000000000000000000000000000000000000000000000000000000000000000000000000000000000000000000000000000000000000000000000000000000000000000000000000000000000000000000000000000000000000000000000000000000000000000000000 
	Parameter INIT_4E bound to: 256'b0000000000000000000000000000000000000000000000000000000000000000000000000000000000000000000000000000000000000000000000000000000000000000000000000000000000000000000000000000000000000000000000000000000000000000000000000000000000000000000000000000000000000000 
	Parameter INIT_4F bound to: 256'b0000000000000000000000000000000000000000000000000000000000000000000000000000000000000000000000000000000000000000000000000000000000000000000000000000000000000000000000000000000000000000000000000000000000000000000000000000000000000000000000000000000000000000 
	Parameter INIT_50 bound to: 256'b0000000000000000000000000000000000000000000000000000000000000000000000000000000000000000000000000000000000000000000000000000000000000000000000000000000000000000000000000000000000000000000000000000000000000000000000000000000000000000000000000000000000000000 
	Parameter INIT_51 bound to: 256'b0000000000000000000000000000000000000000000000000000000000000000000000000000000000000000000000000000000000000000000000000000000000000000000000000000000000000000000000000000000000000000000000000000000000000000000000000000000000000000000000000000000000000000 
	Parameter INIT_52 bound to: 256'b0000000000000000000000000000000000000000000000000000000000000000000000000000000000000000000000000000000000000000000000000000000000000000000000000000000000000000000000000000000000000000000000000000000000000000000000000000000000000000000000000000000000000000 
	Parameter INIT_53 bound to: 256'b0000000000000000000000000000000000000000000000000000000000000000000000000000000000000000000000000000000000000000000000000000000000000000000000000000000000000000000000000000000000000000000000000000000000000000000000000000000000000000000000000000000000000000 
	Parameter INIT_54 bound to: 256'b0000000000000000000000000000000000000000000000000000000000000000000000000000000000000000000000000000000000000000000000000000000000000000000000000000000000000000000000000000000000000000000000000000000000000000000000000000000000000000000000000000000000000000 
	Parameter INIT_55 bound to: 256'b0000000000000000000000000000000000000000000000000000000000000000000000000000000000000000000000000000000000000000000000000000000000000000000000000000000000000000000000000000000000000000000000000000000000000000000000000000000000000000000000000000000000000000 
	Parameter INIT_56 bound to: 256'b0000000000000000000000000000000000000000000000000000000000000000000000000000000000000000000000000000000000000000000000000000000000000000000000000000000000000000000000000000000000000000000000000000000000000000000000000000000000000000000000000000000000000000 
	Parameter INIT_57 bound to: 256'b0000000000000000000000000000000000000000000000000000000000000000000000000000000000000000000000000000000000000000000000000000000000000000000000000000000000000000000000000000000000000000000000000000000000000000000000000000000000000000000000000000000000000000 
	Parameter INIT_58 bound to: 256'b0000000000000000000000000000000000000000000000000000000000000000000000000000000000000000000000000000000000000000000000000000000000000000000000000000000000000000000000000000000000000000000000000000000000000000000000000000000000000000000000000000000000000000 
	Parameter INIT_59 bound to: 256'b0000000000000000000000000000000000000000000000000000000000000000000000000000000000000000000000000000000000000000000000000000000000000000000000000000000000000000000000000000000000000000000000000000000000000000000000000000000000000000000000000000000000000000 
	Parameter INIT_5A bound to: 256'b0000000000000000000000000000000000000000000000000000000000000000000000000000000000000000000000000000000000000000000000000000000000000000000000000000000000000000000000000000000000000000000000000000000000000000000000000000000000000000000000000000000000000000 
	Parameter INIT_5B bound to: 256'b0000000000000000000000000000000000000000000000000000000000000000000000000000000000000000000000000000000000000000000000000000000000000000000000000000000000000000000000000000000000000000000000000000000000000000000000000000000000000000000000000000000000000000 
	Parameter INIT_5C bound to: 256'b0000000000000000000000000000000000000000000000000000000000000000000000000000000000000000000000000000000000000000000000000000000000000000000000000000000000000000000000000000000000000000000000000000000000000000000000000000000000000000000000000000000000000000 
	Parameter INIT_5D bound to: 256'b0000000000000000000000000000000000000000000000000000000000000000000000000000000000000000000000000000000000000000000000000000000000000000000000000000000000000000000000000000000000000000000000000000000000000000000000000000000000000000000000000000000000000000 
	Parameter INIT_5E bound to: 256'b0000000000000000000000000000000000000000000000000000000000000000000000000000000000000000000000000000000000000000000000000000000000000000000000000000000000000000000000000000000000000000000000000000000000000000000000000000000000000000000000000000000000000000 
	Parameter INIT_5F bound to: 256'b0000000000000000000000000000000000000000000000000000000000000000000000000000000000000000000000000000000000000000000000000000000000000000000000000000000000000000000000000000000000000000000000000000000000000000000000000000000000000000000000000000000000000000 
	Parameter INIT_60 bound to: 256'b0000000000000000000000000000000000000000000000000000000000000000000000000000000000000000000000000000000000000000000000000000000000000000000000000000000000000000000000000000000000000000000000000000000000000000000000000000000000000000000000000000000000000000 
	Parameter INIT_61 bound to: 256'b0000000000000000000000000000000000000000000000000000000000000000000000000000000000000000000000000000000000000000000000000000000000000000000000000000000000000000000000000000000000000000000000000000000000000000000000000000000000000000000000000000000000000000 
	Parameter INIT_62 bound to: 256'b0000000000000000000000000000000000000000000000000000000000000000000000000000000000000000000000000000000000000000000000000000000000000000000000000000000000000000000000000000000000000000000000000000000000000000000000000000000000000000000000000000000000000000 
	Parameter INIT_63 bound to: 256'b0000000000000000000000000000000000000000000000000000000000000000000000000000000000000000000000000000000000000000000000000000000000000000000000000000000000000000000000000000000000000000000000000000000000000000000000000000000000000000000000000000000000000000 
	Parameter INIT_64 bound to: 256'b0000000000000000000000000000000000000000000000000000000000000000000000000000000000000000000000000000000000000000000000000000000000000000000000000000000000000000000000000000000000000000000000000000000000000000000000000000000000000000000000000000000000000000 
	Parameter INIT_65 bound to: 256'b0000000000000000000000000000000000000000000000000000000000000000000000000000000000000000000000000000000000000000000000000000000000000000000000000000000000000000000000000000000000000000000000000000000000000000000000000000000000000000000000000000000000000000 
	Parameter INIT_66 bound to: 256'b0000000000000000000000000000000000000000000000000000000000000000000000000000000000000000000000000000000000000000000000000000000000000000000000000000000000000000000000000000000000000000000000000000000000000000000000000000000000000000000000000000000000000000 
	Parameter INIT_67 bound to: 256'b0000000000000000000000000000000000000000000000000000000000000000000000000000000000000000000000000000000000000000000000000000000000000000000000000000000000000000000000000000000000000000000000000000000000000000000000000000000000000000000000000000000000000000 
	Parameter INIT_68 bound to: 256'b0000000000000000000000000000000000000000000000000000000000000000000000000000000000000000000000000000000000000000000000000000000000000000000000000000000000000000000000000000000000000000000000000000000000000000000000000000000000000000000000000000000000000000 
	Parameter INIT_69 bound to: 256'b0000000000000000000000000000000000000000000000000000000000000000000000000000000000000000000000000000000000000000000000000000000000000000000000000000000000000000000000000000000000000000000000000000000000000000000000000000000000000000000000000000000000000000 
	Parameter INIT_6A bound to: 256'b0000000000000000000000000000000000000000000000000000000000000000000000000000000000000000000000000000000000000000000000000000000000000000000000000000000000000000000000000000000000000000000000000000000000000000000000000000000000000000000000000000000000000000 
	Parameter INIT_6B bound to: 256'b0000000000000000000000000000000000000000000000000000000000000000000000000000000000000000000000000000000000000000000000000000000000000000000000000000000000000000000000000000000000000000000000000000000000000000000000000000000000000000000000000000000000000000 
	Parameter INIT_6C bound to: 256'b0000000000000000000000000000000000000000000000000000000000000000000000000000000000000000000000000000000000000000000000000000000000000000000000000000000000000000000000000000000000000000000000000000000000000000000000000000000000000000000000000000000000000000 
	Parameter INIT_6D bound to: 256'b0000000000000000000000000000000000000000000000000000000000000000000000000000000000000000000000000000000000000000000000000000000000000000000000000000000000000000000000000000000000000000000000000000000000000000000000000000000000000000000000000000000000000000 
	Parameter INIT_6E bound to: 256'b0000000000000000000000000000000000000000000000000000000000000000000000000000000000000000000000000000000000000000000000000000000000000000000000000000000000000000000000000000000000000000000000000000000000000000000000000000000000000000000000000000000000000000 
	Parameter INIT_6F bound to: 256'b0000000000000000000000000000000000000000000000000000000000000000000000000000000000000000000000000000000000000000000000000000000000000000000000000000000000000000000000000000000000000000000000000000000000000000000000000000000000000000000000000000000000000000 
	Parameter INIT_70 bound to: 256'b0000000000000000000000000000000000000000000000000000000000000000000000000000000000000000000000000000000000000000000000000000000000000000000000000000000000000000000000000000000000000000000000000000000000000000000000000000000000000000000000000000000000000000 
	Parameter INIT_71 bound to: 256'b0000000000000000000000000000000000000000000000000000000000000000000000000000000000000000000000000000000000000000000000000000000000000000000000000000000000000000000000000000000000000000000000000000000000000000000000000000000000000000000000000000000000000000 
	Parameter INIT_72 bound to: 256'b0000000000000000000000000000000000000000000000000000000000000000000000000000000000000000000000000000000000000000000000000000000000000000000000000000000000000000000000000000000000000000000000000000000000000000000000000000000000000000000000000000000000000000 
	Parameter INIT_73 bound to: 256'b0000000000000000000000000000000000000000000000000000000000000000000000000000000000000000000000000000000000000000000000000000000000000000000000000000000000000000000000000000000000000000000000000000000000000000000000000000000000000000000000000000000000000000 
	Parameter INIT_74 bound to: 256'b0000000000000000000000000000000000000000000000000000000000000000000000000000000000000000000000000000000000000000000000000000000000000000000000000000000000000000000000000000000000000000000000000000000000000000000000000000000000000000000000000000000000000000 
	Parameter INIT_75 bound to: 256'b0000000000000000000000000000000000000000000000000000000000000000000000000000000000000000000000000000000000000000000000000000000000000000000000000000000000000000000000000000000000000000000000000000000000000000000000000000000000000000000000000000000000000000 
	Parameter INIT_76 bound to: 256'b0000000000000000000000000000000000000000000000000000000000000000000000000000000000000000000000000000000000000000000000000000000000000000000000000000000000000000000000000000000000000000000000000000000000000000000000000000000000000000000000000000000000000000 
	Parameter INIT_77 bound to: 256'b0000000000000000000000000000000000000000000000000000000000000000000000000000000000000000000000000000000000000000000000000000000000000000000000000000000000000000000000000000000000000000000000000000000000000000000000000000000000000000000000000000000000000000 
	Parameter INIT_78 bound to: 256'b0000000000000000000000000000000000000000000000000000000000000000000000000000000000000000000000000000000000000000000000000000000000000000000000000000000000000000000000000000000000000000000000000000000000000000000000000000000000000000000000000000000000000000 
	Parameter INIT_79 bound to: 256'b0000000000000000000000000000000000000000000000000000000000000000000000000000000000000000000000000000000000000000000000000000000000000000000000000000000000000000000000000000000000000000000000000000000000000000000000000000000000000000000000000000000000000000 
	Parameter INIT_7A bound to: 256'b0000000000000000000000000000000000000000000000000000000000000000000000000000000000000000000000000000000000000000000000000000000000000000000000000000000000000000000000000000000000000000000000000000000000000000000000000000000000000000000000000000000000000000 
	Parameter INIT_7B bound to: 256'b0000000000000000000000000000000000000000000000000000000000000000000000000000000000000000000000000000000000000000000000000000000000000000000000000000000000000000000000000000000000000000000000000000000000000000000000000000000000000000000000000000000000000000 
	Parameter INIT_7C bound to: 256'b0000000000000000000000000000000000000000000000000000000000000000000000000000000000000000000000000000000000000000000000000000000000000000000000000000000000000000000000000000000000000000000000000000000000000000000000000000000000000000000000000000000000000000 
	Parameter INIT_7D bound to: 256'b0000000000000000000000000000000000000000000000000000000000000000000000000000000000000000000000000000000000000000000000000000000000000000000000000000000000000000000000000000000000000000000000000000000000000000000000000000000000000000000000000000000000000000 
	Parameter INIT_7E bound to: 256'b0000000000000000000000000000000000000000000000000000000000000000000000000000000000000000000000000000000000000000000000000000000000000000000000000000000000000000000000000000000000000000000000000000000000000000000000000000000000000000000000000000000000000000 
	Parameter INIT_7F bound to: 256'b0000000000000000000000000000000000000000000000000000000000000000000000000000000000000000000000000000000000000000000000000000000000000000000000000000000000000000000000000000000000000000000000000000000000000000000000000000000000000000000000000000000000000000 
	Parameter INIT_A bound to: 36'b000000000000000000000000000000000000 
	Parameter INIT_B bound to: 36'b000000000000000000000000000000000000 
	Parameter INIT_FILE bound to: NONE - type: string 
	Parameter RAM_EXTENSION_A bound to: NONE - type: string 
	Parameter RAM_EXTENSION_B bound to: NONE - type: string 
	Parameter RAM_MODE bound to: TDP - type: string 
	Parameter RDADDR_COLLISION_HWCONFIG bound to: DELAYED_WRITE - type: string 
	Parameter READ_WIDTH_A bound to: 18 - type: integer 
	Parameter READ_WIDTH_B bound to: 18 - type: integer 
	Parameter RSTREG_PRIORITY_A bound to: REGCE - type: string 
	Parameter RSTREG_PRIORITY_B bound to: REGCE - type: string 
	Parameter SIM_COLLISION_CHECK bound to: ALL - type: string 
	Parameter SIM_DEVICE bound to: 7SERIES - type: string 
	Parameter SRVAL_A bound to: 36'b000000000000000000000000000000000000 
	Parameter SRVAL_B bound to: 36'b000000000000000000000000000000000000 
	Parameter WRITE_MODE_A bound to: WRITE_FIRST - type: string 
	Parameter WRITE_MODE_B bound to: WRITE_FIRST - type: string 
	Parameter WRITE_WIDTH_A bound to: 18 - type: integer 
	Parameter WRITE_WIDTH_B bound to: 18 - type: integer 
	Parameter C_JTAG_LOADER_ENABLE bound to: 1 - type: integer 
	Parameter C_FAMILY bound to: 7S - type: string 
	Parameter C_NUM_PICOBLAZE bound to: 1 - type: integer 
	Parameter C_BRAM_MAX_ADDR_WIDTH bound to: 11 - type: integer 
	Parameter C_ADDR_WIDTH_0 bound to: 11 - type: integer 
INFO: [Synth 8-3491] module 'jtag_loader_6' declared at 'C:/Users/andre/Downloads/ped2_exp3_datasheet/hipo_calc.vhd:2956' bound to instance 'jtag_loader_6_inst' of component 'jtag_loader_6' [C:/Users/andre/Downloads/ped2_exp3_datasheet/hipo_calc.vhd:2911]
INFO: [Synth 8-638] synthesizing module 'jtag_loader_6' [C:/Users/andre/Downloads/ped2_exp3_datasheet/hipo_calc.vhd:2987]
	Parameter C_JTAG_LOADER_ENABLE bound to: 1 - type: integer 
	Parameter C_FAMILY bound to: 7S - type: string 
	Parameter C_NUM_PICOBLAZE bound to: 1 - type: integer 
	Parameter C_BRAM_MAX_ADDR_WIDTH bound to: 11 - type: integer 
	Parameter C_PICOBLAZE_INSTRUCTION_DATA_WIDTH bound to: 18 - type: integer 
	Parameter C_JTAG_CHAIN bound to: 2 - type: integer 
	Parameter C_ADDR_WIDTH_0 bound to: 11 - type: integer 
	Parameter C_ADDR_WIDTH_1 bound to: 10 - type: integer 
	Parameter C_ADDR_WIDTH_2 bound to: 10 - type: integer 
	Parameter C_ADDR_WIDTH_3 bound to: 10 - type: integer 
	Parameter C_ADDR_WIDTH_4 bound to: 10 - type: integer 
	Parameter C_ADDR_WIDTH_5 bound to: 10 - type: integer 
	Parameter C_ADDR_WIDTH_6 bound to: 10 - type: integer 
	Parameter C_ADDR_WIDTH_7 bound to: 10 - type: integer 
	Parameter DISABLE_JTAG bound to: FALSE - type: string 
	Parameter JTAG_CHAIN bound to: 2 - type: integer 
INFO: [Synth 8-256] done synthesizing module 'jtag_loader_6' (0#1) [C:/Users/andre/Downloads/ped2_exp3_datasheet/hipo_calc.vhd:2987]
INFO: [Synth 8-256] done synthesizing module 'hipo_calc' (0#1) [C:/Users/andre/Downloads/ped2_exp3_datasheet/hipo_calc.vhd:143]
INFO: [Synth 8-3491] module 'driver_bcd7' declared at 'C:/Users/andre/Downloads/ped2_exp3_datasheet/ped2_exp3/ped2_exp3.srcs/sources_1/new/DriverBCD7.vhd:34' bound to instance 'Driver' of component 'driver_bcd7' [C:/Users/andre/Downloads/ped2_exp3_datasheet/ped2_exp3/ped2_exp3.srcs/sources_1/new/top_module.vhd:190]
INFO: [Synth 8-638] synthesizing module 'driver_bcd7' [C:/Users/andre/Downloads/ped2_exp3_datasheet/ped2_exp3/ped2_exp3.srcs/sources_1/new/DriverBCD7.vhd:40]
INFO: [Synth 8-226] default block is never used [C:/Users/andre/Downloads/ped2_exp3_datasheet/ped2_exp3/ped2_exp3.srcs/sources_1/new/DriverBCD7.vhd:44]
INFO: [Synth 8-226] default block is never used [C:/Users/andre/Downloads/ped2_exp3_datasheet/ped2_exp3/ped2_exp3.srcs/sources_1/new/DriverBCD7.vhd:62]
INFO: [Synth 8-256] done synthesizing module 'driver_bcd7' (0#1) [C:/Users/andre/Downloads/ped2_exp3_datasheet/ped2_exp3/ped2_exp3.srcs/sources_1/new/DriverBCD7.vhd:40]
INFO: [Synth 8-3491] module 'Clock05' declared at 'C:/Users/andre/Downloads/ped2_exp3_datasheet/ped2_exp3/ped2_exp3.srcs/sources_1/new/Divisor_clk.vhd:30' bound to instance 'clock30' of component 'Clock05' [C:/Users/andre/Downloads/ped2_exp3_datasheet/ped2_exp3/ped2_exp3.srcs/sources_1/new/top_module.vhd:193]
INFO: [Synth 8-638] synthesizing module 'Clock05' [C:/Users/andre/Downloads/ped2_exp3_datasheet/ped2_exp3/ped2_exp3.srcs/sources_1/new/Divisor_clk.vhd:36]
INFO: [Synth 8-256] done synthesizing module 'Clock05' (0#1) [C:/Users/andre/Downloads/ped2_exp3_datasheet/ped2_exp3/ped2_exp3.srcs/sources_1/new/Divisor_clk.vhd:36]
INFO: [Synth 8-256] done synthesizing module 'pblaze' (0#1) [C:/Users/andre/Downloads/ped2_exp3_datasheet/ped2_exp3/ped2_exp3.srcs/sources_1/new/top_module.vhd:36]
WARNING: [Synth 8-3917] design pblaze has port dp driven by constant 0
---------------------------------------------------------------------------------
Finished RTL Elaboration : Time (s): cpu = 00:00:28 ; elapsed = 00:00:32 . Memory (MB): peak = 1344.543 ; gain = 509.461
---------------------------------------------------------------------------------
---------------------------------------------------------------------------------
Start Handling Custom Attributes
---------------------------------------------------------------------------------
---------------------------------------------------------------------------------
Finished Handling Custom Attributes : Time (s): cpu = 00:00:28 ; elapsed = 00:00:32 . Memory (MB): peak = 1344.543 ; gain = 509.461
---------------------------------------------------------------------------------
---------------------------------------------------------------------------------
Finished RTL Optimization Phase 1 : Time (s): cpu = 00:00:28 ; elapsed = 00:00:32 . Memory (MB): peak = 1344.543 ; gain = 509.461
---------------------------------------------------------------------------------
Netlist sorting complete. Time (s): cpu = 00:00:00 ; elapsed = 00:00:00.038 . Memory (MB): peak = 1344.543 ; gain = 0.000
INFO: [Netlist 29-17] Analyzing 181 Unisim elements for replacement
INFO: [Netlist 29-28] Unisim Transformation completed in 0 CPU seconds
INFO: [Project 1-570] Preparing netlist for logic optimization

Processing XDC Constraints
Initializing timing engine
Parsing XDC File [C:/Users/andre/Downloads/ped2_exp3_datasheet/ped2_exp3/ped2_exp3.srcs/constrs_1/new/Basys3_Master.xdc]
Finished Parsing XDC File [C:/Users/andre/Downloads/ped2_exp3_datasheet/ped2_exp3/ped2_exp3.srcs/constrs_1/new/Basys3_Master.xdc]
INFO: [Project 1-236] Implementation specific constraints were found while reading constraint file [C:/Users/andre/Downloads/ped2_exp3_datasheet/ped2_exp3/ped2_exp3.srcs/constrs_1/new/Basys3_Master.xdc]. These constraints will be ignored for synthesis but will be used in implementation. Impacted constraints are listed in the file [.Xil/pblaze_propImpl.xdc].
Resolution: To avoid this warning, move constraints listed in [.Xil/pblaze_propImpl.xdc] to another XDC file and exclude this new file from synthesis with the used_in_synthesis property (File Properties dialog in GUI) and re-run elaboration/synthesis.
Parsing XDC File [C:/Users/andre/Downloads/ped2_exp3_datasheet/ped2_exp3/ped2_exp3.srcs/constrs_1/new/Timing.xdc]
INFO: [Constraints 18-483] create_clock: no pin(s)/port(s)/net(s) specified as objects, only virtual clock 'virtual_clock' will be created. If you don't want this, please specify pin(s)/ports(s)/net(s) as objects to the command. [C:/Users/andre/Downloads/ped2_exp3_datasheet/ped2_exp3/ped2_exp3.srcs/constrs_1/new/Timing.xdc:6]
Finished Parsing XDC File [C:/Users/andre/Downloads/ped2_exp3_datasheet/ped2_exp3/ped2_exp3.srcs/constrs_1/new/Timing.xdc]
Completed Processing XDC Constraints

Netlist sorting complete. Time (s): cpu = 00:00:00 ; elapsed = 00:00:00.001 . Memory (MB): peak = 1367.711 ; gain = 0.000
INFO: [Project 1-111] Unisim Transformation Summary:
  A total of 124 instances were transformed.
  FD => FDRE: 48 instances
  FDR => FDRE: 20 instances
  LUT6_2 => LUT6_2 (LUT5, LUT6): 50 instances
  RAM32M => RAM32M (RAMD32(x6), RAMS32(x2)): 4 instances
  RAM64M => RAM64M (RAMD64E(x4)): 2 instances

Constraint Validation Runtime : Time (s): cpu = 00:00:00 ; elapsed = 00:00:00.023 . Memory (MB): peak = 1367.711 ; gain = 0.000
INFO: [Designutils 20-5440] No compile time benefit to using incremental synthesis; A full resynthesis will be run
INFO: [Designutils 20-4379] Flow is switching to default flow due to incremental criteria not met. If you would like to alter this behaviour and have the flow terminate instead, please set the following parameter config_implementation {autoIncr.Synth.RejectBehavior Terminate}
---------------------------------------------------------------------------------
Finished Constraint Validation : Time (s): cpu = 00:00:57 ; elapsed = 00:01:02 . Memory (MB): peak = 1367.711 ; gain = 532.629
---------------------------------------------------------------------------------
---------------------------------------------------------------------------------
Start Loading Part and Timing Information
---------------------------------------------------------------------------------
Loading part: xc7a35tcpg236-1
---------------------------------------------------------------------------------
Finished Loading Part and Timing Information : Time (s): cpu = 00:00:57 ; elapsed = 00:01:02 . Memory (MB): peak = 1367.711 ; gain = 532.629
---------------------------------------------------------------------------------
---------------------------------------------------------------------------------
Start Applying 'set_property' XDC Constraints
---------------------------------------------------------------------------------
---------------------------------------------------------------------------------
Finished applying 'set_property' XDC Constraints : Time (s): cpu = 00:00:57 ; elapsed = 00:01:02 . Memory (MB): peak = 1367.711 ; gain = 532.629
---------------------------------------------------------------------------------
---------------------------------------------------------------------------------
Finished RTL Optimization Phase 2 : Time (s): cpu = 00:00:59 ; elapsed = 00:01:04 . Memory (MB): peak = 1367.711 ; gain = 532.629
---------------------------------------------------------------------------------
---------------------------------------------------------------------------------
Start RTL Component Statistics 
---------------------------------------------------------------------------------
Detailed RTL Component Info : 
+---Adders : 
	   2 Input   19 Bit       Adders := 1     
+---Registers : 
	               19 Bit    Registers := 1     
	               18 Bit    Registers := 1     
	               11 Bit    Registers := 1     
	                8 Bit    Registers := 3     
	                7 Bit    Registers := 1     
	                4 Bit    Registers := 1     
	                1 Bit    Registers := 7     
+---Muxes : 
	   2 Input   19 Bit        Muxes := 1     
	   2 Input   18 Bit        Muxes := 9     
	  11 Input    8 Bit        Muxes := 1     
	   2 Input    8 Bit        Muxes := 1     
	   2 Input    7 Bit        Muxes := 1     
	   2 Input    4 Bit        Muxes := 1     
	   2 Input    1 Bit        Muxes := 2     
	   3 Input    1 Bit        Muxes := 1     
---------------------------------------------------------------------------------
Finished RTL Component Statistics 
---------------------------------------------------------------------------------
---------------------------------------------------------------------------------
Start Part Resource Summary
---------------------------------------------------------------------------------
Part Resources:
DSPs: 90 (col length:60)
BRAMs: 100 (col length: RAMB18 60 RAMB36 30)
---------------------------------------------------------------------------------
Finished Part Resource Summary
---------------------------------------------------------------------------------
---------------------------------------------------------------------------------
Start Cross Boundary and Area Optimization
---------------------------------------------------------------------------------
WARNING: [Synth 8-7080] Parallel synthesis criteria is not met
WARNING: [Synth 8-3917] design pblaze has port dp driven by constant 0
WARNING: [Synth 8-3332] Sequential element (processor/sync_sleep_flop) is unused and will be removed from module pblaze.
WARNING: [Synth 8-3332] Sequential element (processor/k_write_strobe_flop) is unused and will be removed from module pblaze.
WARNING: [Synth 8-3332] Sequential element (processor/read_strobe_flop) is unused and will be removed from module pblaze.
---------------------------------------------------------------------------------
Finished Cross Boundary and Area Optimization : Time (s): cpu = 00:01:08 ; elapsed = 00:01:14 . Memory (MB): peak = 1367.711 ; gain = 532.629
---------------------------------------------------------------------------------
---------------------------------------------------------------------------------
Start Applying XDC Timing Constraints
---------------------------------------------------------------------------------
---------------------------------------------------------------------------------
Finished Applying XDC Timing Constraints : Time (s): cpu = 00:01:28 ; elapsed = 00:01:35 . Memory (MB): peak = 1367.711 ; gain = 532.629
---------------------------------------------------------------------------------
---------------------------------------------------------------------------------
Start Timing Optimization
---------------------------------------------------------------------------------
---------------------------------------------------------------------------------
Finished Timing Optimization : Time (s): cpu = 00:01:28 ; elapsed = 00:01:35 . Memory (MB): peak = 1367.711 ; gain = 532.629
---------------------------------------------------------------------------------
---------------------------------------------------------------------------------
Start Technology Mapping
---------------------------------------------------------------------------------
---------------------------------------------------------------------------------
Finished Technology Mapping : Time (s): cpu = 00:01:29 ; elapsed = 00:01:35 . Memory (MB): peak = 1367.711 ; gain = 532.629
---------------------------------------------------------------------------------
---------------------------------------------------------------------------------
Start IO Insertion
---------------------------------------------------------------------------------
---------------------------------------------------------------------------------
Start Flattening Before IO Insertion
---------------------------------------------------------------------------------
---------------------------------------------------------------------------------
Finished Flattening Before IO Insertion
---------------------------------------------------------------------------------
---------------------------------------------------------------------------------
Start Final Netlist Cleanup
---------------------------------------------------------------------------------
---------------------------------------------------------------------------------
Finished Final Netlist Cleanup
---------------------------------------------------------------------------------
---------------------------------------------------------------------------------
Finished IO Insertion : Time (s): cpu = 00:01:58 ; elapsed = 00:02:05 . Memory (MB): peak = 1367.711 ; gain = 532.629
---------------------------------------------------------------------------------
---------------------------------------------------------------------------------
Start Renaming Generated Instances
---------------------------------------------------------------------------------
---------------------------------------------------------------------------------
Finished Renaming Generated Instances : Time (s): cpu = 00:01:58 ; elapsed = 00:02:05 . Memory (MB): peak = 1367.711 ; gain = 532.629
---------------------------------------------------------------------------------
---------------------------------------------------------------------------------
Start Rebuilding User Hierarchy
---------------------------------------------------------------------------------
---------------------------------------------------------------------------------
Finished Rebuilding User Hierarchy : Time (s): cpu = 00:01:58 ; elapsed = 00:02:05 . Memory (MB): peak = 1367.711 ; gain = 532.629
---------------------------------------------------------------------------------
---------------------------------------------------------------------------------
Start Renaming Generated Ports
---------------------------------------------------------------------------------
---------------------------------------------------------------------------------
Finished Renaming Generated Ports : Time (s): cpu = 00:01:58 ; elapsed = 00:02:05 . Memory (MB): peak = 1367.711 ; gain = 532.629
---------------------------------------------------------------------------------
---------------------------------------------------------------------------------
Start Handling Custom Attributes
---------------------------------------------------------------------------------
---------------------------------------------------------------------------------
Finished Handling Custom Attributes : Time (s): cpu = 00:01:58 ; elapsed = 00:02:06 . Memory (MB): peak = 1367.711 ; gain = 532.629
---------------------------------------------------------------------------------
---------------------------------------------------------------------------------
Start Renaming Generated Nets
---------------------------------------------------------------------------------
---------------------------------------------------------------------------------
Finished Renaming Generated Nets : Time (s): cpu = 00:01:58 ; elapsed = 00:02:06 . Memory (MB): peak = 1367.711 ; gain = 532.629
---------------------------------------------------------------------------------
---------------------------------------------------------------------------------
Start Writing Synthesis Report
---------------------------------------------------------------------------------

Report BlackBoxes: 
+-+--------------+----------+
| |BlackBox name |Instances |
+-+--------------+----------+
+-+--------------+----------+

Report Cell Usage: 
+------+---------+------+
|      |Cell     |Count |
+------+---------+------+
|1     |BSCANE2  |     1|
|2     |BUFG     |     2|
|3     |CARRY4   |     5|
|4     |LUT1     |     1|
|5     |LUT2     |    21|
|6     |LUT3     |     4|
|7     |LUT4     |    15|
|8     |LUT5     |    11|
|9     |LUT6     |   105|
|11    |MUXCY    |    29|
|12    |RAM32M   |     4|
|13    |RAM64M   |     2|
|14    |RAMB36E1 |     1|
|15    |XORCY    |    27|
|16    |FD       |    47|
|17    |FDCE     |    19|
|18    |FDR      |    18|
|19    |FDRE     |    79|
|20    |IBUF     |    19|
|21    |OBUF     |    20|
+------+---------+------+
---------------------------------------------------------------------------------
Finished Writing Synthesis Report : Time (s): cpu = 00:01:58 ; elapsed = 00:02:06 . Memory (MB): peak = 1367.711 ; gain = 532.629
---------------------------------------------------------------------------------
Synthesis finished with 0 errors, 0 critical warnings and 5 warnings.
Synthesis Optimization Runtime : Time (s): cpu = 00:01:22 ; elapsed = 00:01:57 . Memory (MB): peak = 1367.711 ; gain = 509.461
Synthesis Optimization Complete : Time (s): cpu = 00:01:59 ; elapsed = 00:02:06 . Memory (MB): peak = 1367.711 ; gain = 532.629
INFO: [Project 1-571] Translating synthesized netlist
Netlist sorting complete. Time (s): cpu = 00:00:00 ; elapsed = 00:00:00.025 . Memory (MB): peak = 1367.711 ; gain = 0.000
INFO: [Netlist 29-17] Analyzing 183 Unisim elements for replacement
INFO: [Netlist 29-28] Unisim Transformation completed in 0 CPU seconds
INFO: [Project 1-570] Preparing netlist for logic optimization
INFO: [Opt 31-138] Pushed 0 inverter(s) to 0 load pin(s).
Netlist sorting complete. Time (s): cpu = 00:00:00 ; elapsed = 00:00:00 . Memory (MB): peak = 1378.055 ; gain = 0.000
INFO: [Project 1-111] Unisim Transformation Summary:
  A total of 131 instances were transformed.
  (MUXCY,XORCY) => CARRY4: 10 instances
  FD => FDRE: 47 instances
  FDR => FDRE: 18 instances
  LUT6_2 => LUT6_2 (LUT5, LUT6): 50 instances
  RAM32M => RAM32M (RAMD32(x6), RAMS32(x2)): 4 instances
  RAM64M => RAM64M (RAMD64E(x4)): 2 instances

Synth Design complete | Checksum: 275ebd46
INFO: [Common 17-83] Releasing license: Synthesis
144 Infos, 6 Warnings, 0 Critical Warnings and 0 Errors encountered.
synth_design completed successfully
synth_design: Time (s): cpu = 00:02:14 ; elapsed = 00:02:24 . Memory (MB): peak = 1378.055 ; gain = 923.680
INFO: [Common 17-1381] The checkpoint 'C:/Users/andre/Downloads/ped2_exp3_datasheet/ped2_exp3/ped2_exp3.runs/synth_1/pblaze.dcp' has been generated.
INFO: [runtcl-4] Executing : report_utilization -file pblaze_utilization_synth.rpt -pb pblaze_utilization_synth.pb
INFO: [Common 17-206] Exiting Vivado at Sat Nov 25 17:28:23 2023...
