Copyright 1986-2022 Xilinx, Inc. All Rights Reserved. Copyright 2022-2023 Advanced Micro Devices, Inc. All Rights Reserved.
---------------------------------------------------------------------------------------------------------------------------------------------
| Tool Version : Vivado v.2023.1 (win64) Build 3865809 Sun May  7 15:05:29 MDT 2023
| Date         : Sat Nov 25 17:30:45 2023
| Host         : DESKTOP-8GM2R40 running 64-bit major release  (build 9200)
| Command      : report_control_sets -verbose -file pblaze_control_sets_placed.rpt
| Design       : pblaze
| Device       : xc7a35t
---------------------------------------------------------------------------------------------------------------------------------------------

Control Set Information

Table of Contents
-----------------
1. Summary
2. Histogram
3. Flip-Flop Distribution
4. Detailed Control Set Information

1. Summary
----------

+----------------------------------------------------------+-------+
|                          Status                          | Count |
+----------------------------------------------------------+-------+
| Total control sets                                       |    19 |
|    Minimum number of control sets                        |    19 |
|    Addition due to synthesis replication                 |     0 |
|    Addition due to physical synthesis replication        |     0 |
| Unused register locations in slices containing registers |    61 |
+----------------------------------------------------------+-------+
* Control sets can be merged at opt_design using control_set_merge or merge_equivalent_drivers
** Run report_qor_suggestions for automated merging and remapping suggestions


2. Histogram
------------

+--------------------+-------+
|       Fanout       | Count |
+--------------------+-------+
| Total control sets |    19 |
| >= 0 to < 4        |     4 |
| >= 4 to < 6        |     2 |
| >= 6 to < 8        |     1 |
| >= 8 to < 10       |     4 |
| >= 10 to < 12      |     0 |
| >= 12 to < 14      |     1 |
| >= 14 to < 16      |     1 |
| >= 16              |     6 |
+--------------------+-------+
* Control sets can be remapped at either synth_design or opt_design


3. Flip-Flop Distribution
-------------------------

+--------------+-----------------------+------------------------+-----------------+--------------+
| Clock Enable | Synchronous Set/Reset | Asynchronous Set/Reset | Total Registers | Total Slices |
+--------------+-----------------------+------------------------+-----------------+--------------+
| No           | No                    | No                     |              58 |           19 |
| No           | No                    | Yes                    |              19 |            6 |
| No           | Yes                   | No                     |              23 |           10 |
| Yes          | No                    | No                     |              56 |           22 |
| Yes          | No                    | Yes                    |               0 |            0 |
| Yes          | Yes                   | No                     |              15 |            5 |
+--------------+-----------------------+------------------------+-----------------+--------------+


4. Detailed Control Set Information
-----------------------------------

+--------------------------------------------------------------+--------------------------------------------------------------------------------------------+-----------------------------------------------------------------------------------------------+------------------+----------------+--------------+
|                         Clock Signal                         |                                        Enable Signal                                       |                                        Set/Reset Signal                                       | Slice Load Count | Bel Load Count | Bels / Slice |
+--------------------------------------------------------------+--------------------------------------------------------------------------------------------+-----------------------------------------------------------------------------------------------+------------------+----------------+--------------+
|  clock30/CLK                                                 |                                                                                            | sop_i_1_n_0                                                                                   |                1 |              1 |         1.00 |
|  program_rom/instantiate_loader.jtag_loader_6_inst/CLK       |                                                                                            |                                                                                               |                1 |              1 |         1.00 |
|  clk_IBUF_BUFG                                               | kcpsm6_interrupt_IBUF                                                                      | processor/interrupt_ack                                                                       |                1 |              1 |         1.00 |
|  clk_IBUF_BUFG                                               | processor/flag_enable                                                                      | processor/internal_reset                                                                      |                1 |              2 |         2.00 |
|  program_rom/instantiate_loader.jtag_loader_6_inst/CLK       |                                                                                            | program_rom/instantiate_loader.jtag_loader_6_inst/jtag_loader_gen.control_dout_int[7]_i_1_n_0 |                1 |              4 |         4.00 |
|  clk_IBUF_BUFG                                               |                                                                                            | processor/active_interrupt                                                                    |                2 |              4 |         2.00 |
|  clk_IBUF_BUFG                                               |                                                                                            | processor/internal_reset                                                                      |                3 |              6 |         2.00 |
|  clk_IBUF_BUFG                                               |                                                                                            | program_rom/instruction[7]                                                                    |                3 |              8 |         2.67 |
|  clk_IBUF_BUFG                                               | processor/spm_enable                                                                       |                                                                                               |                2 |              8 |         4.00 |
|  clk_IBUF_BUFG                                               | processor/data_path_loop[0].output_data.sy_kk_mux_lut_0[0]                                 |                                                                                               |                4 |              8 |         2.00 |
|  clock30/CLK                                                 |                                                                                            |                                                                                               |                3 |              9 |         3.00 |
|  clk_IBUF_BUFG                                               | processor/WE                                                                               | processor/internal_reset                                                                      |                3 |             12 |         4.00 |
|  program_rom/instantiate_loader.jtag_loader_6_inst/shift_clk | program_rom/instantiate_loader.jtag_loader_6_inst/shift                                    |                                                                                               |                3 |             14 |         4.67 |
|  clk_IBUF_BUFG                                               | processor/WE                                                                               |                                                                                               |                2 |             16 |         8.00 |
|  clk_IBUF_BUFG                                               | processor/register_enable                                                                  |                                                                                               |                2 |             16 |         8.00 |
|  clk_IBUF_BUFG                                               | processor/E[0]                                                                             |                                                                                               |                9 |             16 |         1.78 |
|  program_rom/instantiate_loader.jtag_loader_6_inst/shift_clk | program_rom/instantiate_loader.jtag_loader_6_inst/jtag_loader_gen.jtag_din_int[17]_i_1_n_0 |                                                                                               |                6 |             18 |         3.00 |
|  clk_IBUF_BUFG                                               |                                                                                            | reset_IBUF                                                                                    |                6 |             19 |         3.17 |
|  clk_IBUF_BUFG                                               |                                                                                            |                                                                                               |               15 |             48 |         3.20 |
+--------------------------------------------------------------+--------------------------------------------------------------------------------------------+-----------------------------------------------------------------------------------------------+------------------+----------------+--------------+


