Copyright 1986-2022 Xilinx, Inc. All Rights Reserved. Copyright 2022-2023 Advanced Micro Devices, Inc. All Rights Reserved.
--------------------------------------------------------------------------------------------------------------------------------------------------------------
| Tool Version : Vivado v.2023.1 (win64) Build 3865809 Sun May  7 15:05:29 MDT 2023
| Date         : Tue Oct 31 19:05:51 2023
| Host         : Oct running 64-bit major release  (build 9200)
| Command      : report_methodology -file Top_modu_methodology_drc_routed.rpt -pb Top_modu_methodology_drc_routed.pb -rpx Top_modu_methodology_drc_routed.rpx
| Design       : Top_modu
| Device       : xc7a35tcpg236-1
| Speed File   : -1
| Design State : Fully Routed
--------------------------------------------------------------------------------------------------------------------------------------------------------------

Report Methodology

Table of Contents
-----------------
1. REPORT SUMMARY
2. REPORT DETAILS

1. REPORT SUMMARY
-----------------
            Netlist: netlist
          Floorplan: checkpoint_Top_modu
      Design limits: <entire design considered>
             Max violations: <unlimited>
             Violations found: 19
+-----------+----------+------------------------------------------+------------+
| Rule      | Severity | Description                              | Violations |
+-----------+----------+------------------------------------------+------------+
| TIMING-16 | Warning  | Large setup violation                    | 9          |
| XDCH-2    | Warning  | Same min and max delay values on IO port | 10         |
+-----------+----------+------------------------------------------+------------+

2. REPORT DETAILS
-----------------
TIMING-16#1 Warning
Large setup violation  
There is a large setup violation of -2.674 ns between BlocoOpera/avg_reg[2]/C (clocked by sys_clk_pin) and led[2] (clocked by virtual_clock). Large setup violations at the end of those stages might be difficult to fix during the post-placement implementation flow and could be the result of non-optimal XDC constraints or non-optimal design architecture
Related violations: <none>

TIMING-16#2 Warning
Large setup violation  
There is a large setup violation of -2.683 ns between BlocoOpera/avg_reg[4]/C (clocked by sys_clk_pin) and led[4] (clocked by virtual_clock). Large setup violations at the end of those stages might be difficult to fix during the post-placement implementation flow and could be the result of non-optimal XDC constraints or non-optimal design architecture
Related violations: <none>

TIMING-16#3 Warning
Large setup violation  
There is a large setup violation of -2.685 ns between Controle/FSM_onehot_estado_atual_reg[2]/C (clocked by sys_clk_pin) and ready (clocked by virtual_clock). Large setup violations at the end of those stages might be difficult to fix during the post-placement implementation flow and could be the result of non-optimal XDC constraints or non-optimal design architecture
Related violations: <none>

TIMING-16#4 Warning
Large setup violation  
There is a large setup violation of -2.686 ns between BlocoOpera/avg_reg[7]/C (clocked by sys_clk_pin) and led[7] (clocked by virtual_clock). Large setup violations at the end of those stages might be difficult to fix during the post-placement implementation flow and could be the result of non-optimal XDC constraints or non-optimal design architecture
Related violations: <none>

TIMING-16#5 Warning
Large setup violation  
There is a large setup violation of -2.687 ns between BlocoOpera/avg_reg[3]/C (clocked by sys_clk_pin) and led[3] (clocked by virtual_clock). Large setup violations at the end of those stages might be difficult to fix during the post-placement implementation flow and could be the result of non-optimal XDC constraints or non-optimal design architecture
Related violations: <none>

TIMING-16#6 Warning
Large setup violation  
There is a large setup violation of -2.688 ns between BlocoOpera/avg_reg[0]/C (clocked by sys_clk_pin) and led[0] (clocked by virtual_clock). Large setup violations at the end of those stages might be difficult to fix during the post-placement implementation flow and could be the result of non-optimal XDC constraints or non-optimal design architecture
Related violations: <none>

TIMING-16#7 Warning
Large setup violation  
There is a large setup violation of -2.689 ns between BlocoOpera/avg_reg[6]/C (clocked by sys_clk_pin) and led[6] (clocked by virtual_clock). Large setup violations at the end of those stages might be difficult to fix during the post-placement implementation flow and could be the result of non-optimal XDC constraints or non-optimal design architecture
Related violations: <none>

TIMING-16#8 Warning
Large setup violation  
There is a large setup violation of -2.701 ns between BlocoOpera/avg_reg[5]/C (clocked by sys_clk_pin) and led[5] (clocked by virtual_clock). Large setup violations at the end of those stages might be difficult to fix during the post-placement implementation flow and could be the result of non-optimal XDC constraints or non-optimal design architecture
Related violations: <none>

TIMING-16#9 Warning
Large setup violation  
There is a large setup violation of -2.703 ns between BlocoOpera/avg_reg[1]_replica/C (clocked by sys_clk_pin) and led[1] (clocked by virtual_clock). Large setup violations at the end of those stages might be difficult to fix during the post-placement implementation flow and could be the result of non-optimal XDC constraints or non-optimal design architecture
Related violations: <none>

XDCH-2#1 Warning
Same min and max delay values on IO port  
The same output delay of -3.000 ns has been defined on port 'sclkout' relative to clock virtual_clock for both max and min. Make sure this reflects the design intent.
set_output_delay -clock virtual_clock -3.000 [get_ports sclkout]
C:/Unb/Projetos Vivado/Ped2/PED2_Exp2_RTL/PED2_Exp2_RTL.srcs/constrs_1/new/BasysTiming.xdc (Line: 23)
Related violations: <none>

XDCH-2#2 Warning
Same min and max delay values on IO port  
The same output delay of 2.000 ns has been defined on port 'led[0]' relative to clock virtual_clock for both max and min. Make sure this reflects the design intent.
set_output_delay -clock virtual_clock 2.000 [get_ports {led[*]}]
C:/Unb/Projetos Vivado/Ped2/PED2_Exp2_RTL/PED2_Exp2_RTL.srcs/constrs_1/new/BasysTiming.xdc (Line: 21)
Related violations: <none>

XDCH-2#3 Warning
Same min and max delay values on IO port  
The same output delay of 2.000 ns has been defined on port 'led[1]' relative to clock virtual_clock for both max and min. Make sure this reflects the design intent.
set_output_delay -clock virtual_clock 2.000 [get_ports {led[*]}]
C:/Unb/Projetos Vivado/Ped2/PED2_Exp2_RTL/PED2_Exp2_RTL.srcs/constrs_1/new/BasysTiming.xdc (Line: 21)
Related violations: <none>

XDCH-2#4 Warning
Same min and max delay values on IO port  
The same output delay of 2.000 ns has been defined on port 'led[2]' relative to clock virtual_clock for both max and min. Make sure this reflects the design intent.
set_output_delay -clock virtual_clock 2.000 [get_ports {led[*]}]
C:/Unb/Projetos Vivado/Ped2/PED2_Exp2_RTL/PED2_Exp2_RTL.srcs/constrs_1/new/BasysTiming.xdc (Line: 21)
Related violations: <none>

XDCH-2#5 Warning
Same min and max delay values on IO port  
The same output delay of 2.000 ns has been defined on port 'led[3]' relative to clock virtual_clock for both max and min. Make sure this reflects the design intent.
set_output_delay -clock virtual_clock 2.000 [get_ports {led[*]}]
C:/Unb/Projetos Vivado/Ped2/PED2_Exp2_RTL/PED2_Exp2_RTL.srcs/constrs_1/new/BasysTiming.xdc (Line: 21)
Related violations: <none>

XDCH-2#6 Warning
Same min and max delay values on IO port  
The same output delay of 2.000 ns has been defined on port 'led[4]' relative to clock virtual_clock for both max and min. Make sure this reflects the design intent.
set_output_delay -clock virtual_clock 2.000 [get_ports {led[*]}]
C:/Unb/Projetos Vivado/Ped2/PED2_Exp2_RTL/PED2_Exp2_RTL.srcs/constrs_1/new/BasysTiming.xdc (Line: 21)
Related violations: <none>

XDCH-2#7 Warning
Same min and max delay values on IO port  
The same output delay of 2.000 ns has been defined on port 'led[5]' relative to clock virtual_clock for both max and min. Make sure this reflects the design intent.
set_output_delay -clock virtual_clock 2.000 [get_ports {led[*]}]
C:/Unb/Projetos Vivado/Ped2/PED2_Exp2_RTL/PED2_Exp2_RTL.srcs/constrs_1/new/BasysTiming.xdc (Line: 21)
Related violations: <none>

XDCH-2#8 Warning
Same min and max delay values on IO port  
The same output delay of 2.000 ns has been defined on port 'led[6]' relative to clock virtual_clock for both max and min. Make sure this reflects the design intent.
set_output_delay -clock virtual_clock 2.000 [get_ports {led[*]}]
C:/Unb/Projetos Vivado/Ped2/PED2_Exp2_RTL/PED2_Exp2_RTL.srcs/constrs_1/new/BasysTiming.xdc (Line: 21)
Related violations: <none>

XDCH-2#9 Warning
Same min and max delay values on IO port  
The same output delay of 2.000 ns has been defined on port 'led[7]' relative to clock virtual_clock for both max and min. Make sure this reflects the design intent.
set_output_delay -clock virtual_clock 2.000 [get_ports {led[*]}]
C:/Unb/Projetos Vivado/Ped2/PED2_Exp2_RTL/PED2_Exp2_RTL.srcs/constrs_1/new/BasysTiming.xdc (Line: 21)
Related violations: <none>

XDCH-2#10 Warning
Same min and max delay values on IO port  
The same output delay of 2.000 ns has been defined on port 'ready' relative to clock virtual_clock for both max and min. Make sure this reflects the design intent.
set_output_delay -clock virtual_clock 2.000 [get_ports ready]
C:/Unb/Projetos Vivado/Ped2/PED2_Exp2_RTL/PED2_Exp2_RTL.srcs/constrs_1/new/BasysTiming.xdc (Line: 22)
Related violations: <none>


